Archive member included to satisfy reference by file (symbol)

c:/st/stm32cubeide_1.5.0/stm32cubeide/plugins/com.st.stm32cube.ide.mcu.externaltools.gnu-tools-for-stm32.7-2018-q2-update.win32_1.5.0.202011040924/tools/bin/../lib/gcc/arm-none-eabi/7.3.1/../../../../arm-none-eabi/lib/thumb/v6-m\libc_nano.a(lib_a-errno.o)
                              Core/Src/syscalls.o (__errno)
c:/st/stm32cubeide_1.5.0/stm32cubeide/plugins/com.st.stm32cube.ide.mcu.externaltools.gnu-tools-for-stm32.7-2018-q2-update.win32_1.5.0.202011040924/tools/bin/../lib/gcc/arm-none-eabi/7.3.1/../../../../arm-none-eabi/lib/thumb/v6-m\libc_nano.a(lib_a-exit.o)
                              c:/st/stm32cubeide_1.5.0/stm32cubeide/plugins/com.st.stm32cube.ide.mcu.externaltools.gnu-tools-for-stm32.7-2018-q2-update.win32_1.5.0.202011040924/tools/bin/../lib/gcc/arm-none-eabi/7.3.1/../../../../arm-none-eabi/lib/thumb/v6-m/crt0.o (exit)
c:/st/stm32cubeide_1.5.0/stm32cubeide/plugins/com.st.stm32cube.ide.mcu.externaltools.gnu-tools-for-stm32.7-2018-q2-update.win32_1.5.0.202011040924/tools/bin/../lib/gcc/arm-none-eabi/7.3.1/../../../../arm-none-eabi/lib/thumb/v6-m\libc_nano.a(lib_a-impure.o)
                              c:/st/stm32cubeide_1.5.0/stm32cubeide/plugins/com.st.stm32cube.ide.mcu.externaltools.gnu-tools-for-stm32.7-2018-q2-update.win32_1.5.0.202011040924/tools/bin/../lib/gcc/arm-none-eabi/7.3.1/../../../../arm-none-eabi/lib/thumb/v6-m\libc_nano.a(lib_a-exit.o) (_global_impure_ptr)
c:/st/stm32cubeide_1.5.0/stm32cubeide/plugins/com.st.stm32cube.ide.mcu.externaltools.gnu-tools-for-stm32.7-2018-q2-update.win32_1.5.0.202011040924/tools/bin/../lib/gcc/arm-none-eabi/7.3.1/../../../../arm-none-eabi/lib/thumb/v6-m\libc_nano.a(lib_a-init.o)
                              c:/st/stm32cubeide_1.5.0/stm32cubeide/plugins/com.st.stm32cube.ide.mcu.externaltools.gnu-tools-for-stm32.7-2018-q2-update.win32_1.5.0.202011040924/tools/bin/../lib/gcc/arm-none-eabi/7.3.1/../../../../arm-none-eabi/lib/thumb/v6-m/crt0.o (__libc_init_array)
c:/st/stm32cubeide_1.5.0/stm32cubeide/plugins/com.st.stm32cube.ide.mcu.externaltools.gnu-tools-for-stm32.7-2018-q2-update.win32_1.5.0.202011040924/tools/bin/../lib/gcc/arm-none-eabi/7.3.1/../../../../arm-none-eabi/lib/thumb/v6-m\libc_nano.a(lib_a-memset.o)
                              c:/st/stm32cubeide_1.5.0/stm32cubeide/plugins/com.st.stm32cube.ide.mcu.externaltools.gnu-tools-for-stm32.7-2018-q2-update.win32_1.5.0.202011040924/tools/bin/../lib/gcc/arm-none-eabi/7.3.1/../../../../arm-none-eabi/lib/thumb/v6-m/crt0.o (memset)
c:/st/stm32cubeide_1.5.0/stm32cubeide/plugins/com.st.stm32cube.ide.mcu.externaltools.gnu-tools-for-stm32.7-2018-q2-update.win32_1.5.0.202011040924/tools/bin/../lib/gcc/arm-none-eabi/7.3.1/thumb/v6-m\libgcc.a(_udivsi3.o)
                              Core/Src/main.o (__aeabi_uidiv)
c:/st/stm32cubeide_1.5.0/stm32cubeide/plugins/com.st.stm32cube.ide.mcu.externaltools.gnu-tools-for-stm32.7-2018-q2-update.win32_1.5.0.202011040924/tools/bin/../lib/gcc/arm-none-eabi/7.3.1/thumb/v6-m\libgcc.a(_divsi3.o)
                              Core/Src/main.o (__aeabi_idiv)
c:/st/stm32cubeide_1.5.0/stm32cubeide/plugins/com.st.stm32cube.ide.mcu.externaltools.gnu-tools-for-stm32.7-2018-q2-update.win32_1.5.0.202011040924/tools/bin/../lib/gcc/arm-none-eabi/7.3.1/thumb/v6-m\libgcc.a(_dvmd_tls.o)
                              c:/st/stm32cubeide_1.5.0/stm32cubeide/plugins/com.st.stm32cube.ide.mcu.externaltools.gnu-tools-for-stm32.7-2018-q2-update.win32_1.5.0.202011040924/tools/bin/../lib/gcc/arm-none-eabi/7.3.1/thumb/v6-m\libgcc.a(_udivsi3.o) (__aeabi_idiv0)

Allocating common symbols
Common symbol       size              file

hspi2               0x64              Core/Src/main.o
uwTick              0x4               Drivers/STM32F0xx_HAL_Driver/Src/stm32f0xx_hal.o
pFlash              0x20              Drivers/STM32F0xx_HAL_Driver/Src/stm32f0xx_hal_flash.o
htim3               0x40              Core/Src/main.o
Adc                 0x1a              Core/Src/main.o
hdma_usart1_tx      0x44              Core/Src/main.o
huart1              0x80              Core/Src/main.o
htim1               0x40              Core/Src/main.o
hspi1               0x64              Core/Src/main.o
hdma_adc            0x44              Core/Src/main.o
hadc                0x40              Core/Src/main.o
htim16              0x40              Core/Src/main.o
hdma_tim16_ch1_up   0x44              Core/Src/main.o

Discarded input sections

 .text          0x0000000000000000        0x0 c:/st/stm32cubeide_1.5.0/stm32cubeide/plugins/com.st.stm32cube.ide.mcu.externaltools.gnu-tools-for-stm32.7-2018-q2-update.win32_1.5.0.202011040924/tools/bin/../lib/gcc/arm-none-eabi/7.3.1/thumb/v6-m/crti.o
 .data          0x0000000000000000        0x0 c:/st/stm32cubeide_1.5.0/stm32cubeide/plugins/com.st.stm32cube.ide.mcu.externaltools.gnu-tools-for-stm32.7-2018-q2-update.win32_1.5.0.202011040924/tools/bin/../lib/gcc/arm-none-eabi/7.3.1/thumb/v6-m/crti.o
[...]
Memory Configuration

Name             Origin             Length             Attributes
RAM              0x0000000020000000 0x0000000000008000 xrw
FLASH            0x0000000008000000 0x0000000000040000 xr
*default*        0x0000000000000000 0xffffffffffffffff

Linker script and memory map

LOAD c:/st/stm32cubeide_1.5.0/stm32cubeide/plugins/com.st.stm32cube.ide.mcu.externaltools.gnu-tools-for-stm32.7-2018-q2-update.win32_1.5.0.202011040924/tools/bin/../lib/gcc/arm-none-eabi/7.3.1/thumb/v6-m/crti.o
LOAD c:/st/stm32cubeide_1.5.0/stm32cubeide/plugins/com.st.stm32cube.ide.mcu.externaltools.gnu-tools-for-stm32.7-2018-q2-update.win32_1.5.0.202011040924/tools/bin/../lib/gcc/arm-none-eabi/7.3.1/thumb/v6-m/crtbegin.o
LOAD c:/st/stm32cubeide_1.5.0/stm32cubeide/plugins/com.st.stm32cube.ide.mcu.externaltools.gnu-tools-for-stm32.7-2018-q2-update.win32_1.5.0.202011040924/tools/bin/../lib/gcc/arm-none-eabi/7.3.1/../../../../arm-none-eabi/lib/thumb/v6-m/crt0.o
LOAD Core/Src/main.o
LOAD Core/Src/stm32f0xx_hal_msp.o
LOAD Core/Src/stm32f0xx_it.o
LOAD Core/Src/syscalls.o
LOAD Core/Src/sysmem.o
LOAD Core/Src/system_stm32f0xx.o
LOAD Core/Startup/startup_stm32f030rctx.o
LOAD Drivers/STM32F0xx_HAL_Driver/Src/stm32f0xx_hal.o
LOAD Drivers/STM32F0xx_HAL_Driver/Src/stm32f0xx_hal_adc.o
LOAD Drivers/STM32F0xx_HAL_Driver/Src/stm32f0xx_hal_adc_ex.o
LOAD Drivers/STM32F0xx_HAL_Driver/Src/stm32f0xx_hal_cortex.o
LOAD Drivers/STM32F0xx_HAL_Driver/Src/stm32f0xx_hal_dma.o
LOAD Drivers/STM32F0xx_HAL_Driver/Src/stm32f0xx_hal_exti.o
LOAD Drivers/STM32F0xx_HAL_Driver/Src/stm32f0xx_hal_flash.o
LOAD Drivers/STM32F0xx_HAL_Driver/Src/stm32f0xx_hal_flash_ex.o
LOAD Drivers/STM32F0xx_HAL_Driver/Src/stm32f0xx_hal_gpio.o
LOAD Drivers/STM32F0xx_HAL_Driver/Src/stm32f0xx_hal_i2c.o
LOAD Drivers/STM32F0xx_HAL_Driver/Src/stm32f0xx_hal_i2c_ex.o
LOAD Drivers/STM32F0xx_HAL_Driver/Src/stm32f0xx_hal_pwr.o
LOAD Drivers/STM32F0xx_HAL_Driver/Src/stm32f0xx_hal_pwr_ex.o
LOAD Drivers/STM32F0xx_HAL_Driver/Src/stm32f0xx_hal_rcc.o
LOAD Drivers/STM32F0xx_HAL_Driver/Src/stm32f0xx_hal_rcc_ex.o
LOAD Drivers/STM32F0xx_HAL_Driver/Src/stm32f0xx_hal_spi.o
LOAD Drivers/STM32F0xx_HAL_Driver/Src/stm32f0xx_hal_spi_ex.o
LOAD Drivers/STM32F0xx_HAL_Driver/Src/stm32f0xx_hal_tim.o
LOAD Drivers/STM32F0xx_HAL_Driver/Src/stm32f0xx_hal_tim_ex.o
LOAD Drivers/STM32F0xx_HAL_Driver/Src/stm32f0xx_hal_uart.o
LOAD Drivers/STM32F0xx_HAL_Driver/Src/stm32f0xx_hal_uart_ex.o
START GROUP
LOAD c:/st/stm32cubeide_1.5.0/stm32cubeide/plugins/com.st.stm32cube.ide.mcu.externaltools.gnu-tools-for-stm32.7-2018-q2-update.win32_1.5.0.202011040924/tools/bin/../lib/gcc/arm-none-eabi/7.3.1/../../../../arm-none-eabi/lib/thumb/v6-m\libc_nano.a
LOAD c:/st/stm32cubeide_1.5.0/stm32cubeide/plugins/com.st.stm32cube.ide.mcu.externaltools.gnu-tools-for-stm32.7-2018-q2-update.win32_1.5.0.202011040924/tools/bin/../lib/gcc/arm-none-eabi/7.3.1/../../../../arm-none-eabi/lib/thumb/v6-m\libm.a
END GROUP
START GROUP
LOAD c:/st/stm32cubeide_1.5.0/stm32cubeide/plugins/com.st.stm32cube.ide.mcu.externaltools.gnu-tools-for-stm32.7-2018-q2-update.win32_1.5.0.202011040924/tools/bin/../lib/gcc/arm-none-eabi/7.3.1/thumb/v6-m\libgcc.a
LOAD c:/st/stm32cubeide_1.5.0/stm32cubeide/plugins/com.st.stm32cube.ide.mcu.externaltools.gnu-tools-for-stm32.7-2018-q2-update.win32_1.5.0.202011040924/tools/bin/../lib/gcc/arm-none-eabi/7.3.1/../../../../arm-none-eabi/lib/thumb/v6-m\libc_nano.a
END GROUP
START GROUP
LOAD c:/st/stm32cubeide_1.5.0/stm32cubeide/plugins/com.st.stm32cube.ide.mcu.externaltools.gnu-tools-for-stm32.7-2018-q2-update.win32_1.5.0.202011040924/tools/bin/../lib/gcc/arm-none-eabi/7.3.1/thumb/v6-m\libgcc.a
LOAD c:/st/stm32cubeide_1.5.0/stm32cubeide/plugins/com.st.stm32cube.ide.mcu.externaltools.gnu-tools-for-stm32.7-2018-q2-update.win32_1.5.0.202011040924/tools/bin/../lib/gcc/arm-none-eabi/7.3.1/../../../../arm-none-eabi/lib/thumb/v6-m\libc_nano.a
LOAD c:/st/stm32cubeide_1.5.0/stm32cubeide/plugins/com.st.stm32cube.ide.mcu.externaltools.gnu-tools-for-stm32.7-2018-q2-update.win32_1.5.0.202011040924/tools/bin/../lib/gcc/arm-none-eabi/7.3.1/../../../../arm-none-eabi/lib/thumb/v6-m\libnosys.a
END GROUP
START GROUP
LOAD c:/st/stm32cubeide_1.5.0/stm32cubeide/plugins/com.st.stm32cube.ide.mcu.externaltools.gnu-tools-for-stm32.7-2018-q2-update.win32_1.5.0.202011040924/tools/bin/../lib/gcc/arm-none-eabi/7.3.1/thumb/v6-m\libgcc.a
LOAD c:/st/stm32cubeide_1.5.0/stm32cubeide/plugins/com.st.stm32cube.ide.mcu.externaltools.gnu-tools-for-stm32.7-2018-q2-update.win32_1.5.0.202011040924/tools/bin/../lib/gcc/arm-none-eabi/7.3.1/../../../../arm-none-eabi/lib/thumb/v6-m\libc_nano.a
LOAD c:/st/stm32cubeide_1.5.0/stm32cubeide/plugins/com.st.stm32cube.ide.mcu.externaltools.gnu-tools-for-stm32.7-2018-q2-update.win32_1.5.0.202011040924/tools/bin/../lib/gcc/arm-none-eabi/7.3.1/../../../../arm-none-eabi/lib/thumb/v6-m\libnosys.a
END GROUP
LOAD c:/st/stm32cubeide_1.5.0/stm32cubeide/plugins/com.st.stm32cube.ide.mcu.externaltools.gnu-tools-for-stm32.7-2018-q2-update.win32_1.5.0.202011040924/tools/bin/../lib/gcc/arm-none-eabi/7.3.1/thumb/v6-m/crtend.o
LOAD c:/st/stm32cubeide_1.5.0/stm32cubeide/plugins/com.st.stm32cube.ide.mcu.externaltools.gnu-tools-for-stm32.7-2018-q2-update.win32_1.5.0.202011040924/tools/bin/../lib/gcc/arm-none-eabi/7.3.1/thumb/v6-m/crtn.o
                0x0000000020008000                _estack = (ORIGIN (RAM) + LENGTH (RAM))
                0x0000000000000200                _Min_Heap_Size = 0x200
                0x0000000000000400                _Min_Stack_Size = 0x400

.isr_vector     0x0000000008000000       0xbc
                0x0000000008000000                . = ALIGN (0x4)
 *(.isr_vector)
 .isr_vector    0x0000000008000000       0xbc Core/Startup/startup_stm32f030rctx.o
                0x0000000008000000                g_pfnVectors
                0x00000000080000bc                . = ALIGN (0x4)

.text           0x00000000080000bc     0x48cc
                0x00000000080000bc                . = ALIGN (0x4)
 *(.text)
 .text          0x00000000080000bc       0x48 c:/st/stm32cubeide_1.5.0/stm32cubeide/plugins/com.st.stm32cube.ide.mcu.externaltools.gnu-tools-for-stm32.7-2018-q2-update.win32_1.5.0.202011040924/tools/bin/../lib/gcc/arm-none-eabi/7.3.1/thumb/v6-m/crtbegin.o
 .text          0x0000000008000104      0x114 c:/st/stm32cubeide_1.5.0/stm32cubeide/plugins/com.st.stm32cube.ide.mcu.externaltools.gnu-tools-for-stm32.7-2018-q2-update.win32_1.5.0.202011040924/tools/bin/../lib/gcc/arm-none-eabi/7.3.1/thumb/v6-m\libgcc.a(_udivsi3.o)
                0x0000000008000104                __aeabi_uidiv
                0x0000000008000104                __udivsi3
                0x0000000008000210                __aeabi_uidivmod
 .text          0x0000000008000218      0x1d4 c:/st/stm32cubeide_1.5.0/stm32cubeide/plugins/com.st.stm32cube.ide.mcu.externaltools.gnu-tools-for-stm32.7-2018-q2-update.win32_1.5.0.202011040924/tools/bin/../lib/gcc/arm-none-eabi/7.3.1/thumb/v6-m\libgcc.a(_divsi3.o)
                0x0000000008000218                __divsi3
                0x0000000008000218                __aeabi_idiv
                0x00000000080003e4                __aeabi_idivmod
 .text          0x00000000080003ec        0x4 c:/st/stm32cubeide_1.5.0/stm32cubeide/plugins/com.st.stm32cube.ide.mcu.externaltools.gnu-tools-for-stm32.7-2018-q2-update.win32_1.5.0.202011040924/tools/bin/../lib/gcc/arm-none-eabi/7.3.1/thumb/v6-m\libgcc.a(_dvmd_tls.o)
                0x00000000080003ec                __aeabi_idiv0
                0x00000000080003ec                __aeabi_ldiv0
 *(.text*)
 .text.main     0x00000000080003f0      0x164 Core/Src/main.o
                0x00000000080003f0                main
 .text.SystemClock_Config
                0x0000000008000554       0xc4 Core/Src/main.o
                0x0000000008000554                SystemClock_Config
 .text.MX_ADC_Init
                0x0000000008000618      0x1bc Core/Src/main.o
 .text.MX_SPI1_Init
                0x00000000080007d4       0x7c Core/Src/main.o
 .text.MX_SPI2_Init
                0x0000000008000850       0x7c Core/Src/main.o
 .text.MX_TIM1_Init
                0x00000000080008cc       0xac Core/Src/main.o
 .text.MX_TIM3_Init
                0x0000000008000978      0x164 Core/Src/main.o
 .text.MX_TIM16_Init
                0x0000000008000adc      0x104 Core/Src/main.o
 .text.MX_USART1_UART_Init
                0x0000000008000be0       0x60 Core/Src/main.o
 .text.MX_DMA_Init
                0x0000000008000c40       0x4c Core/Src/main.o
 .text.MX_GPIO_Init
                0x0000000008000c8c      0x1bc Core/Src/main.o
 .text.TriangleWave_Generate
                0x0000000008000e48      0x354 Core/Src/main.o
                0x0000000008000e48                TriangleWave_Generate
 .text.Error_Handler
                0x000000000800119c        0xa Core/Src/main.o
                0x000000000800119c                Error_Handler
 *fill*         0x00000000080011a6        0x2 
 .text.HAL_MspInit
                0x00000000080011a8       0x48 Core/Src/stm32f0xx_hal_msp.o
                0x00000000080011a8                HAL_MspInit
 .text.HAL_ADC_MspInit
                0x00000000080011f0      0x14c Core/Src/stm32f0xx_hal_msp.o
                0x00000000080011f0                HAL_ADC_MspInit
 .text.HAL_SPI_MspInit
                0x000000000800133c      0x144 Core/Src/stm32f0xx_hal_msp.o
                0x000000000800133c                HAL_SPI_MspInit
 .text.HAL_TIM_Base_MspInit
                0x0000000008001480      0x124 Core/Src/stm32f0xx_hal_msp.o
                0x0000000008001480                HAL_TIM_Base_MspInit
 .text.HAL_TIM_MspPostInit
                0x00000000080015a4       0x80 Core/Src/stm32f0xx_hal_msp.o
                0x00000000080015a4                HAL_TIM_MspPostInit
 .text.HAL_UART_MspInit
                0x0000000008001624      0x118 Core/Src/stm32f0xx_hal_msp.o
                0x0000000008001624                HAL_UART_MspInit
 .text.NMI_Handler
                0x000000000800173c        0xa Core/Src/stm32f0xx_it.o
                0x000000000800173c                NMI_Handler
 .text.HardFault_Handler
                0x0000000008001746        0x6 Core/Src/stm32f0xx_it.o
                0x0000000008001746                HardFault_Handler
 .text.SVC_Handler
                0x000000000800174c        0xa Core/Src/stm32f0xx_it.o
                0x000000000800174c                SVC_Handler
 .text.PendSV_Handler
                0x0000000008001756        0xa Core/Src/stm32f0xx_it.o
                0x0000000008001756                PendSV_Handler
 .text.SysTick_Handler
                0x0000000008001760        0xe Core/Src/stm32f0xx_it.o
                0x0000000008001760                SysTick_Handler
 *fill*         0x000000000800176e        0x2 
 .text.DMA1_Channel1_IRQHandler
                0x0000000008001770       0x18 Core/Src/stm32f0xx_it.o
                0x0000000008001770                DMA1_Channel1_IRQHandler
 .text.DMA1_Channel2_3_IRQHandler
                0x0000000008001788       0x24 Core/Src/stm32f0xx_it.o
                0x0000000008001788                DMA1_Channel2_3_IRQHandler
 .text.SystemInit
                0x00000000080017ac        0xa Core/Src/system_stm32f0xx.o
                0x00000000080017ac                SystemInit
 *fill*         0x00000000080017b6        0x2 
 .text.Reset_Handler
                0x00000000080017b8       0x50 Core/Startup/startup_stm32f030rctx.o
                0x00000000080017b8                Reset_Handler
 .text.Default_Handler
                0x0000000008001808        0x2 Core/Startup/startup_stm32f030rctx.o
                0x0000000008001808                TIM1_CC_IRQHandler
                0x0000000008001808                TIM6_IRQHandler
                0x0000000008001808                I2C1_IRQHandler
                0x0000000008001808                SPI1_IRQHandler
                0x0000000008001808                EXTI2_3_IRQHandler
                0x0000000008001808                ADC1_IRQHandler
                0x0000000008001808                I2C2_IRQHandler
                0x0000000008001808                USART3_6_IRQHandler
                0x0000000008001808                TIM17_IRQHandler
                0x0000000008001808                RTC_IRQHandler
                0x0000000008001808                TIM16_IRQHandler
                0x0000000008001808                TIM3_IRQHandler
                0x0000000008001808                EXTI4_15_IRQHandler
                0x0000000008001808                RCC_IRQHandler
                0x0000000008001808                Default_Handler
                0x0000000008001808                TIM14_IRQHandler
                0x0000000008001808                DMA1_Channel4_5_IRQHandler
                0x0000000008001808                TIM7_IRQHandler
                0x0000000008001808                TIM15_IRQHandler
                0x0000000008001808                EXTI0_1_IRQHandler
                0x0000000008001808                SPI2_IRQHandler
                0x0000000008001808                WWDG_IRQHandler
                0x0000000008001808                USART2_IRQHandler
                0x0000000008001808                FLASH_IRQHandler
                0x0000000008001808                USART1_IRQHandler
                0x0000000008001808                TIM1_BRK_UP_TRG_COM_IRQHandler
 *fill*         0x000000000800180a        0x2 
 .text.HAL_Init
                0x000000000800180c       0x28 Drivers/STM32F0xx_HAL_Driver/Src/stm32f0xx_hal.o
                0x000000000800180c                HAL_Init
 .text.HAL_InitTick
                0x0000000008001834       0x68 Drivers/STM32F0xx_HAL_Driver/Src/stm32f0xx_hal.o
                0x0000000008001834                HAL_InitTick
 .text.HAL_IncTick
                0x000000000800189c       0x24 Drivers/STM32F0xx_HAL_Driver/Src/stm32f0xx_hal.o
                0x000000000800189c                HAL_IncTick
 .text.HAL_GetTick
                0x00000000080018c0       0x14 Drivers/STM32F0xx_HAL_Driver/Src/stm32f0xx_hal.o
                0x00000000080018c0                HAL_GetTick
 .text.HAL_ADC_Init
                0x00000000080018d4      0x280 Drivers/STM32F0xx_HAL_Driver/Src/stm32f0xx_hal_adc.o
                0x00000000080018d4                HAL_ADC_Init
 .text.HAL_ADC_Start_DMA
                0x0000000008001b54      0x104 Drivers/STM32F0xx_HAL_Driver/Src/stm32f0xx_hal_adc.o
                0x0000000008001b54                HAL_ADC_Start_DMA
 .text.HAL_ADC_ConvCpltCallback
                0x0000000008001c58       0x10 Drivers/STM32F0xx_HAL_Driver/Src/stm32f0xx_hal_adc.o
                0x0000000008001c58                HAL_ADC_ConvCpltCallback
 .text.HAL_ADC_ConvHalfCpltCallback
                0x0000000008001c68       0x10 Drivers/STM32F0xx_HAL_Driver/Src/stm32f0xx_hal_adc.o
                0x0000000008001c68                HAL_ADC_ConvHalfCpltCallback
 .text.HAL_ADC_ErrorCallback
                0x0000000008001c78       0x10 Drivers/STM32F0xx_HAL_Driver/Src/stm32f0xx_hal_adc.o
                0x0000000008001c78                HAL_ADC_ErrorCallback
 .text.HAL_ADC_ConfigChannel
                0x0000000008001c88      0x1ec Drivers/STM32F0xx_HAL_Driver/Src/stm32f0xx_hal_adc.o
                0x0000000008001c88                HAL_ADC_ConfigChannel
 .text.ADC_Enable
                0x0000000008001e74       0xf8 Drivers/STM32F0xx_HAL_Driver/Src/stm32f0xx_hal_adc.o
 .text.ADC_DMAConvCplt
                0x0000000008001f6c       0xb4 Drivers/STM32F0xx_HAL_Driver/Src/stm32f0xx_hal_adc.o
 .text.ADC_DMAHalfConvCplt
                0x0000000008002020       0x1e Drivers/STM32F0xx_HAL_Driver/Src/stm32f0xx_hal_adc.o
 .text.ADC_DMAError
                0x000000000800203e       0x36 Drivers/STM32F0xx_HAL_Driver/Src/stm32f0xx_hal_adc.o
 .text.__NVIC_EnableIRQ
                0x0000000008002074       0x34 Drivers/STM32F0xx_HAL_Driver/Src/stm32f0xx_hal_cortex.o
 .text.__NVIC_SetPriority
                0x00000000080020a8       0xdc Drivers/STM32F0xx_HAL_Driver/Src/stm32f0xx_hal_cortex.o
 .text.SysTick_Config
                0x0000000008002184       0x48 Drivers/STM32F0xx_HAL_Driver/Src/stm32f0xx_hal_cortex.o
 .text.HAL_NVIC_SetPriority
                0x00000000080021cc       0x2a Drivers/STM32F0xx_HAL_Driver/Src/stm32f0xx_hal_cortex.o
                0x00000000080021cc                HAL_NVIC_SetPriority
 .text.HAL_NVIC_EnableIRQ
                0x00000000080021f6       0x20 Drivers/STM32F0xx_HAL_Driver/Src/stm32f0xx_hal_cortex.o
                0x00000000080021f6                HAL_NVIC_EnableIRQ
 .text.HAL_SYSTICK_Config
                0x0000000008002216       0x1a Drivers/STM32F0xx_HAL_Driver/Src/stm32f0xx_hal_cortex.o
                0x0000000008002216                HAL_SYSTICK_Config
 .text.HAL_DMA_Init
                0x0000000008002230       0x90 Drivers/STM32F0xx_HAL_Driver/Src/stm32f0xx_hal_dma.o
                0x0000000008002230                HAL_DMA_Init
 .text.HAL_DMA_Start_IT
                0x00000000080022c0       0xcc Drivers/STM32F0xx_HAL_Driver/Src/stm32f0xx_hal_dma.o
                0x00000000080022c0                HAL_DMA_Start_IT
 .text.HAL_DMA_IRQHandler
                0x000000000800238c      0x144 Drivers/STM32F0xx_HAL_Driver/Src/stm32f0xx_hal_dma.o
                0x000000000800238c                HAL_DMA_IRQHandler
 .text.DMA_SetConfig
                0x00000000080024d0       0x58 Drivers/STM32F0xx_HAL_Driver/Src/stm32f0xx_hal_dma.o
 .text.DMA_CalcBaseAndBitshift
                0x0000000008002528       0x38 Drivers/STM32F0xx_HAL_Driver/Src/stm32f0xx_hal_dma.o
 .text.HAL_GPIO_Init
                0x0000000008002560      0x2e0 Drivers/STM32F0xx_HAL_Driver/Src/stm32f0xx_hal_gpio.o
                0x0000000008002560                HAL_GPIO_Init
 .text.HAL_GPIO_ReadPin
                0x0000000008002840       0x3a Drivers/STM32F0xx_HAL_Driver/Src/stm32f0xx_hal_gpio.o
                0x0000000008002840                HAL_GPIO_ReadPin
 .text.HAL_GPIO_WritePin
                0x000000000800287a       0x3a Drivers/STM32F0xx_HAL_Driver/Src/stm32f0xx_hal_gpio.o
                0x000000000800287a                HAL_GPIO_WritePin
 .text.HAL_RCC_OscConfig
                0x00000000080028b4      0x63c Drivers/STM32F0xx_HAL_Driver/Src/stm32f0xx_hal_rcc.o
                0x00000000080028b4                HAL_RCC_OscConfig
 .text.HAL_RCC_ClockConfig
                0x0000000008002ef0      0x19c Drivers/STM32F0xx_HAL_Driver/Src/stm32f0xx_hal_rcc.o
                0x0000000008002ef0                HAL_RCC_ClockConfig
 .text.HAL_RCC_GetSysClockFreq
                0x000000000800308c       0xcc Drivers/STM32F0xx_HAL_Driver/Src/stm32f0xx_hal_rcc.o
                0x000000000800308c                HAL_RCC_GetSysClockFreq
 .text.HAL_RCC_GetHCLKFreq
                0x0000000008003158       0x14 Drivers/STM32F0xx_HAL_Driver/Src/stm32f0xx_hal_rcc.o
                0x0000000008003158                HAL_RCC_GetHCLKFreq
 .text.HAL_RCC_GetPCLK1Freq
                0x000000000800316c       0x2c Drivers/STM32F0xx_HAL_Driver/Src/stm32f0xx_hal_rcc.o
                0x000000000800316c                HAL_RCC_GetPCLK1Freq
 .text.HAL_RCCEx_PeriphCLKConfig
                0x0000000008003198      0x19c Drivers/STM32F0xx_HAL_Driver/Src/stm32f0xx_hal_rcc_ex.o
                0x0000000008003198                HAL_RCCEx_PeriphCLKConfig
 .text.HAL_SPI_Init
                0x0000000008003334      0x134 Drivers/STM32F0xx_HAL_Driver/Src/stm32f0xx_hal_spi.o
                0x0000000008003334                HAL_SPI_Init
 .text.HAL_TIM_Base_Init
                0x0000000008003468       0x58 Drivers/STM32F0xx_HAL_Driver/Src/stm32f0xx_hal_tim.o
                0x0000000008003468                HAL_TIM_Base_Init
 .text.HAL_TIM_OC_Init
                0x00000000080034c0       0x58 Drivers/STM32F0xx_HAL_Driver/Src/stm32f0xx_hal_tim.o
                0x00000000080034c0                HAL_TIM_OC_Init
 .text.HAL_TIM_OC_MspInit
                0x0000000008003518       0x10 Drivers/STM32F0xx_HAL_Driver/Src/stm32f0xx_hal_tim.o
                0x0000000008003518                HAL_TIM_OC_MspInit
 .text.HAL_TIM_OC_Start
                0x0000000008003528       0x98 Drivers/STM32F0xx_HAL_Driver/Src/stm32f0xx_hal_tim.o
                0x0000000008003528                HAL_TIM_OC_Start
 .text.HAL_TIM_PWM_Init
                0x00000000080035c0       0x58 Drivers/STM32F0xx_HAL_Driver/Src/stm32f0xx_hal_tim.o
                0x00000000080035c0                HAL_TIM_PWM_Init
 .text.HAL_TIM_PWM_MspInit
                0x0000000008003618       0x10 Drivers/STM32F0xx_HAL_Driver/Src/stm32f0xx_hal_tim.o
                0x0000000008003618                HAL_TIM_PWM_MspInit
 .text.HAL_TIM_PWM_Start
                0x0000000008003628       0x98 Drivers/STM32F0xx_HAL_Driver/Src/stm32f0xx_hal_tim.o
                0x0000000008003628                HAL_TIM_PWM_Start
 .text.HAL_TIM_OC_ConfigChannel
                0x00000000080036c0       0x9c Drivers/STM32F0xx_HAL_Driver/Src/stm32f0xx_hal_tim.o
                0x00000000080036c0                HAL_TIM_OC_ConfigChannel
 .text.HAL_TIM_PWM_ConfigChannel
                0x000000000800375c      0x170 Drivers/STM32F0xx_HAL_Driver/Src/stm32f0xx_hal_tim.o
                0x000000000800375c                HAL_TIM_PWM_ConfigChannel
 .text.HAL_TIM_ConfigClockSource
                0x00000000080038cc      0x17c Drivers/STM32F0xx_HAL_Driver/Src/stm32f0xx_hal_tim.o
                0x00000000080038cc                HAL_TIM_ConfigClockSource
 .text.TIM_Base_SetConfig
                0x0000000008003a48       0xec Drivers/STM32F0xx_HAL_Driver/Src/stm32f0xx_hal_tim.o
                0x0000000008003a48                TIM_Base_SetConfig
 .text.TIM_OC1_SetConfig
                0x0000000008003b34      0x110 Drivers/STM32F0xx_HAL_Driver/Src/stm32f0xx_hal_tim.o
 .text.TIM_OC2_SetConfig
                0x0000000008003c44      0x108 Drivers/STM32F0xx_HAL_Driver/Src/stm32f0xx_hal_tim.o
                0x0000000008003c44                TIM_OC2_SetConfig
 .text.TIM_OC3_SetConfig
                0x0000000008003d4c      0x10c Drivers/STM32F0xx_HAL_Driver/Src/stm32f0xx_hal_tim.o
 .text.TIM_OC4_SetConfig
                0x0000000008003e58       0xd4 Drivers/STM32F0xx_HAL_Driver/Src/stm32f0xx_hal_tim.o
 .text.TIM_TI1_ConfigInputStage
                0x0000000008003f2c       0x5c Drivers/STM32F0xx_HAL_Driver/Src/stm32f0xx_hal_tim.o
 .text.TIM_TI2_ConfigInputStage
                0x0000000008003f88       0x64 Drivers/STM32F0xx_HAL_Driver/Src/stm32f0xx_hal_tim.o
 .text.TIM_ITRx_SetConfig
                0x0000000008003fec       0x32 Drivers/STM32F0xx_HAL_Driver/Src/stm32f0xx_hal_tim.o
 *fill*         0x000000000800401e        0x2 
 .text.TIM_ETR_SetConfig
                0x0000000008004020       0x40 Drivers/STM32F0xx_HAL_Driver/Src/stm32f0xx_hal_tim.o
                0x0000000008004020                TIM_ETR_SetConfig
 .text.TIM_CCxChannelCmd
                0x0000000008004060       0x46 Drivers/STM32F0xx_HAL_Driver/Src/stm32f0xx_hal_tim.o
                0x0000000008004060                TIM_CCxChannelCmd
 *fill*         0x00000000080040a6        0x2 
 .text.HAL_TIMEx_MasterConfigSynchronization
                0x00000000080040a8       0xb0 Drivers/STM32F0xx_HAL_Driver/Src/stm32f0xx_hal_tim_ex.o
                0x00000000080040a8                HAL_TIMEx_MasterConfigSynchronization
 .text.HAL_TIMEx_ConfigBreakDeadTime
                0x0000000008004158       0xbc Drivers/STM32F0xx_HAL_Driver/Src/stm32f0xx_hal_tim_ex.o
                0x0000000008004158                HAL_TIMEx_ConfigBreakDeadTime
 .text.HAL_UART_Init
                0x0000000008004214       0xa8 Drivers/STM32F0xx_HAL_Driver/Src/stm32f0xx_hal_uart.o
                0x0000000008004214                HAL_UART_Init
 .text.UART_SetConfig
                0x00000000080042bc      0x36c Drivers/STM32F0xx_HAL_Driver/Src/stm32f0xx_hal_uart.o
                0x00000000080042bc                UART_SetConfig
 .text.UART_AdvFeatureConfig
                0x0000000008004628      0x168 Drivers/STM32F0xx_HAL_Driver/Src/stm32f0xx_hal_uart.o
                0x0000000008004628                UART_AdvFeatureConfig
 .text.UART_CheckIdleState
                0x0000000008004790       0x8c Drivers/STM32F0xx_HAL_Driver/Src/stm32f0xx_hal_uart.o
                0x0000000008004790                UART_CheckIdleState
 .text.UART_WaitOnFlagUntilTimeout
                0x000000000800481c       0xfc Drivers/STM32F0xx_HAL_Driver/Src/stm32f0xx_hal_uart.o
                0x000000000800481c                UART_WaitOnFlagUntilTimeout
 .text.__libc_init_array
                0x0000000008004918       0x48 c:/st/stm32cubeide_1.5.0/stm32cubeide/plugins/com.st.stm32cube.ide.mcu.externaltools.gnu-tools-for-stm32.7-2018-q2-update.win32_1.5.0.202011040924/tools/bin/../lib/gcc/arm-none-eabi/7.3.1/../../../../arm-none-eabi/lib/thumb/v6-m\libc_nano.a(lib_a-init.o)
                0x0000000008004918                __libc_init_array
 .text.memset   0x0000000008004960       0x10 c:/st/stm32cubeide_1.5.0/stm32cubeide/plugins/com.st.stm32cube.ide.mcu.externaltools.gnu-tools-for-stm32.7-2018-q2-update.win32_1.5.0.202011040924/tools/bin/../lib/gcc/arm-none-eabi/7.3.1/../../../../arm-none-eabi/lib/thumb/v6-m\libc_nano.a(lib_a-memset.o)
                0x0000000008004960                memset
 *(.glue_7)
 .glue_7        0x0000000008004970        0x0 linker stubs
 *(.glue_7t)
 .glue_7t       0x0000000008004970        0x0 linker stubs
 *(.eh_frame)
 .eh_frame      0x0000000008004970        0x0 c:/st/stm32cubeide_1.5.0/stm32cubeide/plugins/com.st.stm32cube.ide.mcu.externaltools.gnu-tools-for-stm32.7-2018-q2-update.win32_1.5.0.202011040924/tools/bin/../lib/gcc/arm-none-eabi/7.3.1/thumb/v6-m/crtbegin.o
 *(.init)
 .init          0x0000000008004970        0x4 c:/st/stm32cubeide_1.5.0/stm32cubeide/plugins/com.st.stm32cube.ide.mcu.externaltools.gnu-tools-for-stm32.7-2018-q2-update.win32_1.5.0.202011040924/tools/bin/../lib/gcc/arm-none-eabi/7.3.1/thumb/v6-m/crti.o
                0x0000000008004970                _init
 .init          0x0000000008004974        0x8 c:/st/stm32cubeide_1.5.0/stm32cubeide/plugins/com.st.stm32cube.ide.mcu.externaltools.gnu-tools-for-stm32.7-2018-q2-update.win32_1.5.0.202011040924/tools/bin/../lib/gcc/arm-none-eabi/7.3.1/thumb/v6-m/crtn.o
 *(.fini)
 .fini          0x000000000800497c        0x4 c:/st/stm32cubeide_1.5.0/stm32cubeide/plugins/com.st.stm32cube.ide.mcu.externaltools.gnu-tools-for-stm32.7-2018-q2-update.win32_1.5.0.202011040924/tools/bin/../lib/gcc/arm-none-eabi/7.3.1/thumb/v6-m/crti.o
                0x000000000800497c                _fini
 .fini          0x0000000008004980        0x8 c:/st/stm32cubeide_1.5.0/stm32cubeide/plugins/com.st.stm32cube.ide.mcu.externaltools.gnu-tools-for-stm32.7-2018-q2-update.win32_1.5.0.202011040924/tools/bin/../lib/gcc/arm-none-eabi/7.3.1/thumb/v6-m/crtn.o
                0x0000000008004988                . = ALIGN (0x4)
                0x0000000008004988                _etext = .

.vfp11_veneer   0x0000000008004988        0x0
 .vfp11_veneer  0x0000000008004988        0x0 linker stubs

.v4_bx          0x0000000008004988        0x0
 .v4_bx         0x0000000008004988        0x0 linker stubs

.iplt           0x0000000008004988        0x0
 .iplt          0x0000000008004988        0x0 c:/st/stm32cubeide_1.5.0/stm32cubeide/plugins/com.st.stm32cube.ide.mcu.externaltools.gnu-tools-for-stm32.7-2018-q2-update.win32_1.5.0.202011040924/tools/bin/../lib/gcc/arm-none-eabi/7.3.1/thumb/v6-m/crtbegin.o

.rodata         0x0000000008004988       0x38
                0x0000000008004988                . = ALIGN (0x4)
 *(.rodata)
 .rodata        0x0000000008004988       0x20 Drivers/STM32F0xx_HAL_Driver/Src/stm32f0xx_hal_rcc.o
 *(.rodata*)
 .rodata.AHBPrescTable
                0x00000000080049a8       0x10 Core/Src/system_stm32f0xx.o
                0x00000000080049a8                AHBPrescTable
 .rodata.APBPrescTable
                0x00000000080049b8        0x8 Core/Src/system_stm32f0xx.o
                0x00000000080049b8                APBPrescTable
                0x00000000080049c0                . = ALIGN (0x4)

.rel.dyn        0x00000000080049c0        0x0
 .rel.iplt      0x00000000080049c0        0x0 c:/st/stm32cubeide_1.5.0/stm32cubeide/plugins/com.st.stm32cube.ide.mcu.externaltools.gnu-tools-for-stm32.7-2018-q2-update.win32_1.5.0.202011040924/tools/bin/../lib/gcc/arm-none-eabi/7.3.1/thumb/v6-m/crtbegin.o

.ARM.extab      0x00000000080049c0        0x0
                0x00000000080049c0                . = ALIGN (0x4)
 *(.ARM.extab* .gnu.linkonce.armextab.*)
                0x00000000080049c0                . = ALIGN (0x4)

.ARM            0x00000000080049c0        0x0
                0x00000000080049c0                . = ALIGN (0x4)
                0x00000000080049c0                __exidx_start = .
 *(.ARM.exidx*)
                0x00000000080049c0                __exidx_end = .
                0x00000000080049c0                . = ALIGN (0x4)

.preinit_array  0x00000000080049c0        0x0
                0x00000000080049c0                . = ALIGN (0x4)
                0x00000000080049c0                PROVIDE (__preinit_array_start = .)
 *(.preinit_array*)
                0x00000000080049c0                PROVIDE (__preinit_array_end = .)
                0x00000000080049c0                . = ALIGN (0x4)

.init_array     0x00000000080049c0        0x4
                0x00000000080049c0                . = ALIGN (0x4)
                0x00000000080049c0                PROVIDE (__init_array_start = .)
 *(SORT_BY_NAME(.init_array.*))
 *(.init_array*)
 .init_array    0x00000000080049c0        0x4 c:/st/stm32cubeide_1.5.0/stm32cubeide/plugins/com.st.stm32cube.ide.mcu.externaltools.gnu-tools-for-stm32.7-2018-q2-update.win32_1.5.0.202011040924/tools/bin/../lib/gcc/arm-none-eabi/7.3.1/thumb/v6-m/crtbegin.o
                0x00000000080049c4                PROVIDE (__init_array_end = .)
                0x00000000080049c4                . = ALIGN (0x4)

.fini_array     0x00000000080049c4        0x4
                0x00000000080049c4                . = ALIGN (0x4)
                [!provide]                        PROVIDE (__fini_array_start = .)
 *(SORT_BY_NAME(.fini_array.*))
 *(.fini_array*)
 .fini_array    0x00000000080049c4        0x4 c:/st/stm32cubeide_1.5.0/stm32cubeide/plugins/com.st.stm32cube.ide.mcu.externaltools.gnu-tools-for-stm32.7-2018-q2-update.win32_1.5.0.202011040924/tools/bin/../lib/gcc/arm-none-eabi/7.3.1/thumb/v6-m/crtbegin.o
                [!provide]                        PROVIDE (__fini_array_end = .)
                0x00000000080049c8                . = ALIGN (0x4)
                0x00000000080049c8                _sidata = LOADADDR (.data)

.data           0x0000000020000000       0x10 load address 0x00000000080049c8
                0x0000000020000000                . = ALIGN (0x4)
                0x0000000020000000                _sdata = .
 *(.data)
 *(.data*)
 .data.i.6259   0x0000000020000000        0x4 Core/Src/main.o
 .data.SystemCoreClock
                0x0000000020000004        0x4 Core/Src/system_stm32f0xx.o
                0x0000000020000004                SystemCoreClock
 .data.uwTickPrio
                0x0000000020000008        0x4 Drivers/STM32F0xx_HAL_Driver/Src/stm32f0xx_hal.o
                0x0000000020000008                uwTickPrio
 .data.uwTickFreq
                0x000000002000000c        0x1 Drivers/STM32F0xx_HAL_Driver/Src/stm32f0xx_hal.o
                0x000000002000000c                uwTickFreq
                0x0000000020000010                . = ALIGN (0x4)
 *fill*         0x000000002000000d        0x3 
                0x0000000020000010                _edata = .

.igot.plt       0x0000000020000010        0x0 load address 0x00000000080049d8
 .igot.plt      0x0000000020000010        0x0 c:/st/stm32cubeide_1.5.0/stm32cubeide/plugins/com.st.stm32cube.ide.mcu.externaltools.gnu-tools-for-stm32.7-2018-q2-update.win32_1.5.0.202011040924/tools/bin/../lib/gcc/arm-none-eabi/7.3.1/thumb/v6-m/crtbegin.o
                0x0000000020000010                . = ALIGN (0x4)

.bss            0x0000000020000010      0xb50 load address 0x00000000080049d8
                0x0000000020000010                _sbss = .
                0x0000000020000010                __bss_start__ = _sbss
 *(.bss)
 .bss           0x0000000020000010       0x1c c:/st/stm32cubeide_1.5.0/stm32cubeide/plugins/com.st.stm32cube.ide.mcu.externaltools.gnu-tools-for-stm32.7-2018-q2-update.win32_1.5.0.202011040924/tools/bin/../lib/gcc/arm-none-eabi/7.3.1/thumb/v6-m/crtbegin.o
 *(.bss*)
 .bss.dma_wavetable
                0x000000002000002c      0x800 Core/Src/main.o
                0x000000002000002c                dma_wavetable
 *(COMMON)
 COMMON         0x000000002000082c      0x330 Core/Src/main.o
                0x000000002000082c                hspi2
                0x0000000020000890                htim3
                0x00000000200008d0                Adc
                0x00000000200008ec                hdma_usart1_tx
                0x0000000020000930                huart1
                0x00000000200009b0                htim1
                0x00000000200009f0                hspi1
                0x0000000020000a54                hdma_adc
                0x0000000020000a98                hadc
                0x0000000020000ad8                htim16
                0x0000000020000b18                hdma_tim16_ch1_up
 COMMON         0x0000000020000b5c        0x4 Drivers/STM32F0xx_HAL_Driver/Src/stm32f0xx_hal.o
                0x0000000020000b5c                uwTick
                0x0000000020000b60                . = ALIGN (0x4)
                0x0000000020000b60                _ebss = .
                0x0000000020000b60                __bss_end__ = _ebss

._user_heap_stack
                0x0000000020000b60      0x600 load address 0x00000000080049d8
                0x0000000020000b60                . = ALIGN (0x8)
                0x0000000020000b60                PROVIDE (end = .)
                [!provide]                        PROVIDE (_end = .)
                0x0000000020000d60                . = (. + _Min_Heap_Size)
 *fill*         0x0000000020000b60      0x200 
                0x0000000020001160                . = (. + _Min_Stack_Size)
 *fill*         0x0000000020000d60      0x400 
                0x0000000020001160                . = ALIGN (0x8)

/DISCARD/
 libc.a(*)
 libm.a(*)
 libgcc.a(*)

.ARM.attributes
                0x0000000000000000       0x28
 *(.ARM.attributes)
 .ARM.attributes
                0x0000000000000000       0x1e c:/st/stm32cubeide_1.5.0/stm32cubeide/plugins/com.st.stm32cube.ide.mcu.externaltools.gnu-tools-for-stm32.7-2018-q2-update.win32_1.5.0.202011040924/tools/bin/../lib/gcc/arm-none-eabi/7.3.1/thumb/v6-m/crti.o
 .ARM.attributes
                0x000000000000001e       0x2c c:/st/stm32cubeide_1.5.0/stm32cubeide/plugins/com.st.stm32cube.ide.mcu.externaltools.gnu-tools-for-stm32.7-2018-q2-update.win32_1.5.0.202011040924/tools/bin/../lib/gcc/arm-none-eabi/7.3.1/thumb/v6-m/crtbegin.o
 .ARM.attributes
                0x000000000000004a       0x31 Core/Src/main.o
 .ARM.attributes
                0x000000000000007b       0x31 Core/Src/stm32f0xx_hal_msp.o
 .ARM.attributes
                0x00000000000000ac       0x31 Core/Src/stm32f0xx_it.o
 .ARM.attributes
                0x00000000000000dd       0x31 Core/Src/system_stm32f0xx.o
 .ARM.attributes
                0x000000000000010e       0x21 Core/Startup/startup_stm32f030rctx.o
 .ARM.attributes
                0x000000000000012f       0x31 Drivers/STM32F0xx_HAL_Driver/Src/stm32f0xx_hal.o
 .ARM.attributes
                0x0000000000000160       0x31 Drivers/STM32F0xx_HAL_Driver/Src/stm32f0xx_hal_adc.o
 .ARM.attributes
                0x0000000000000191       0x31 Drivers/STM32F0xx_HAL_Driver/Src/stm32f0xx_hal_cortex.o
 .ARM.attributes
                0x00000000000001c2       0x31 Drivers/STM32F0xx_HAL_Driver/Src/stm32f0xx_hal_dma.o
 .ARM.attributes
                0x00000000000001f3       0x31 Drivers/STM32F0xx_HAL_Driver/Src/stm32f0xx_hal_gpio.o
 .ARM.attributes
                0x0000000000000224       0x31 Drivers/STM32F0xx_HAL_Driver/Src/stm32f0xx_hal_rcc.o
 .ARM.attributes
                0x0000000000000255       0x31 Drivers/STM32F0xx_HAL_Driver/Src/stm32f0xx_hal_rcc_ex.o
 .ARM.attributes
                0x0000000000000286       0x31 Drivers/STM32F0xx_HAL_Driver/Src/stm32f0xx_hal_spi.o
 .ARM.attributes
                0x00000000000002b7       0x31 Drivers/STM32F0xx_HAL_Driver/Src/stm32f0xx_hal_tim.o
 .ARM.attributes
                0x00000000000002e8       0x31 Drivers/STM32F0xx_HAL_Driver/Src/stm32f0xx_hal_tim_ex.o
 .ARM.attributes
                0x0000000000000319       0x31 Drivers/STM32F0xx_HAL_Driver/Src/stm32f0xx_hal_uart.o
 .ARM.attributes
                0x000000000000034a       0x2c c:/st/stm32cubeide_1.5.0/stm32cubeide/plugins/com.st.stm32cube.ide.mcu.externaltools.gnu-tools-for-stm32.7-2018-q2-update.win32_1.5.0.202011040924/tools/bin/../lib/gcc/arm-none-eabi/7.3.1/../../../../arm-none-eabi/lib/thumb/v6-m\libc_nano.a(lib_a-init.o)
 .ARM.attributes
                0x0000000000000376       0x2c c:/st/stm32cubeide_1.5.0/stm32cubeide/plugins/com.st.stm32cube.ide.mcu.externaltools.gnu-tools-for-stm32.7-2018-q2-update.win32_1.5.0.202011040924/tools/bin/../lib/gcc/arm-none-eabi/7.3.1/../../../../arm-none-eabi/lib/thumb/v6-m\libc_nano.a(lib_a-memset.o)
 .ARM.attributes
                0x00000000000003a2       0x1e c:/st/stm32cubeide_1.5.0/stm32cubeide/plugins/com.st.stm32cube.ide.mcu.externaltools.gnu-tools-for-stm32.7-2018-q2-update.win32_1.5.0.202011040924/tools/bin/../lib/gcc/arm-none-eabi/7.3.1/thumb/v6-m\libgcc.a(_udivsi3.o)
 .ARM.attributes
                0x00000000000003c0       0x1e c:/st/stm32cubeide_1.5.0/stm32cubeide/plugins/com.st.stm32cube.ide.mcu.externaltools.gnu-tools-for-stm32.7-2018-q2-update.win32_1.5.0.202011040924/tools/bin/../lib/gcc/arm-none-eabi/7.3.1/thumb/v6-m\libgcc.a(_divsi3.o)
 .ARM.attributes
                0x00000000000003de       0x1e c:/st/stm32cubeide_1.5.0/stm32cubeide/plugins/com.st.stm32cube.ide.mcu.externaltools.gnu-tools-for-stm32.7-2018-q2-update.win32_1.5.0.202011040924/tools/bin/../lib/gcc/arm-none-eabi/7.3.1/thumb/v6-m\libgcc.a(_dvmd_tls.o)
 .ARM.attributes
                0x00000000000003fc       0x1e c:/st/stm32cubeide_1.5.0/stm32cubeide/plugins/com.st.stm32cube.ide.mcu.externaltools.gnu-tools-for-stm32.7-2018-q2-update.win32_1.5.0.202011040924/tools/bin/../lib/gcc/arm-none-eabi/7.3.1/thumb/v6-m/crtn.o
OUTPUT(Tremolo.elf elf32-littlearm)

.debug_info     0x0000000000000000     0xc7b3
 .debug_info    0x0000000000000000     0x17da Core/Src/main.o
 .debug_info    0x00000000000017da     0x12a6 Core/Src/stm32f0xx_hal_msp.o
 .debug_info    0x0000000000002a80      0x40d Core/Src/stm32f0xx_it.o
 .debug_info    0x0000000000002e8d      0x29e Core/Src/system_stm32f0xx.o
 .debug_info    0x000000000000312b       0x22 Core/Startup/startup_stm32f030rctx.o
 .debug_info    0x000000000000314d      0x691 Drivers/STM32F0xx_HAL_Driver/Src/stm32f0xx_hal.o
 .debug_info    0x00000000000037de      0xcc7 Drivers/STM32F0xx_HAL_Driver/Src/stm32f0xx_hal_adc.o
 .debug_info    0x00000000000044a5      0x76e Drivers/STM32F0xx_HAL_Driver/Src/stm32f0xx_hal_cortex.o
 .debug_info    0x0000000000004c13      0x7c7 Drivers/STM32F0xx_HAL_Driver/Src/stm32f0xx_hal_dma.o
 .debug_info    0x00000000000053da      0x666 Drivers/STM32F0xx_HAL_Driver/Src/stm32f0xx_hal_gpio.o
 .debug_info    0x0000000000005a40      0x80a Drivers/STM32F0xx_HAL_Driver/Src/stm32f0xx_hal_rcc.o
 .debug_info    0x000000000000624a      0x3cb Drivers/STM32F0xx_HAL_Driver/Src/stm32f0xx_hal_rcc_ex.o
 .debug_info    0x0000000000006615     0x1614 Drivers/STM32F0xx_HAL_Driver/Src/stm32f0xx_hal_spi.o
 .debug_info    0x0000000000007c29     0x254a Drivers/STM32F0xx_HAL_Driver/Src/stm32f0xx_hal_tim.o
 .debug_info    0x000000000000a173     0x110e Drivers/STM32F0xx_HAL_Driver/Src/stm32f0xx_hal_tim_ex.o
 .debug_info    0x000000000000b281     0x1532 Drivers/STM32F0xx_HAL_Driver/Src/stm32f0xx_hal_uart.o

.debug_abbrev   0x0000000000000000     0x1cd3
 .debug_abbrev  0x0000000000000000      0x294 Core/Src/main.o
 .debug_abbrev  0x0000000000000294      0x1d5 Core/Src/stm32f0xx_hal_msp.o
 .debug_abbrev  0x0000000000000469      0x120 Core/Src/stm32f0xx_it.o
 .debug_abbrev  0x0000000000000589      0x12b Core/Src/system_stm32f0xx.o
 .debug_abbrev  0x00000000000006b4       0x12 Core/Startup/startup_stm32f030rctx.o
 .debug_abbrev  0x00000000000006c6      0x1f2 Drivers/STM32F0xx_HAL_Driver/Src/stm32f0xx_hal.o
 .debug_abbrev  0x00000000000008b8      0x1cf Drivers/STM32F0xx_HAL_Driver/Src/stm32f0xx_hal_adc.o
 .debug_abbrev  0x0000000000000a87      0x273 Drivers/STM32F0xx_HAL_Driver/Src/stm32f0xx_hal_cortex.o
 .debug_abbrev  0x0000000000000cfa      0x1ed Drivers/STM32F0xx_HAL_Driver/Src/stm32f0xx_hal_dma.o
 .debug_abbrev  0x0000000000000ee7      0x1c0 Drivers/STM32F0xx_HAL_Driver/Src/stm32f0xx_hal_gpio.o
 .debug_abbrev  0x00000000000010a7      0x20f Drivers/STM32F0xx_HAL_Driver/Src/stm32f0xx_hal_rcc.o
 .debug_abbrev  0x00000000000012b6      0x175 Drivers/STM32F0xx_HAL_Driver/Src/stm32f0xx_hal_rcc_ex.o
 .debug_abbrev  0x000000000000142b      0x228 Drivers/STM32F0xx_HAL_Driver/Src/stm32f0xx_hal_spi.o
 .debug_abbrev  0x0000000000001653      0x23f Drivers/STM32F0xx_HAL_Driver/Src/stm32f0xx_hal_tim.o
 .debug_abbrev  0x0000000000001892      0x22d Drivers/STM32F0xx_HAL_Driver/Src/stm32f0xx_hal_tim_ex.o
 .debug_abbrev  0x0000000000001abf      0x214 Drivers/STM32F0xx_HAL_Driver/Src/stm32f0xx_hal_uart.o

.debug_aranges  0x0000000000000000      0xe88
 .debug_aranges
                0x0000000000000000       0x88 Core/Src/main.o
 .debug_aranges
                0x0000000000000088       0x68 Core/Src/stm32f0xx_hal_msp.o
 .debug_aranges
                0x00000000000000f0       0x50 Core/Src/stm32f0xx_it.o
 .debug_aranges
                0x0000000000000140       0x28 Core/Src/system_stm32f0xx.o
 .debug_aranges
                0x0000000000000168       0x28 Core/Startup/startup_stm32f030rctx.o
 .debug_aranges
                0x0000000000000190       0xd0 Drivers/STM32F0xx_HAL_Driver/Src/stm32f0xx_hal.o
 .debug_aranges
                0x0000000000000260       0xf8 Drivers/STM32F0xx_HAL_Driver/Src/stm32f0xx_hal_adc.o
 .debug_aranges
                0x0000000000000358       0xc0 Drivers/STM32F0xx_HAL_Driver/Src/stm32f0xx_hal_cortex.o
 .debug_aranges
                0x0000000000000418       0x88 Drivers/STM32F0xx_HAL_Driver/Src/stm32f0xx_hal_dma.o
 .debug_aranges
                0x00000000000004a0       0x58 Drivers/STM32F0xx_HAL_Driver/Src/stm32f0xx_hal_gpio.o
 .debug_aranges
                0x00000000000004f8       0x80 Drivers/STM32F0xx_HAL_Driver/Src/stm32f0xx_hal_rcc.o
 .debug_aranges
                0x0000000000000578       0x30 Drivers/STM32F0xx_HAL_Driver/Src/stm32f0xx_hal_rcc_ex.o
 .debug_aranges
                0x00000000000005a8      0x1d8 Drivers/STM32F0xx_HAL_Driver/Src/stm32f0xx_hal_spi.o
 .debug_aranges
                0x0000000000000780      0x3b8 Drivers/STM32F0xx_HAL_Driver/Src/stm32f0xx_hal_tim.o
 .debug_aranges
                0x0000000000000b38      0x150 Drivers/STM32F0xx_HAL_Driver/Src/stm32f0xx_hal_tim_ex.o
 .debug_aranges
                0x0000000000000c88      0x200 Drivers/STM32F0xx_HAL_Driver/Src/stm32f0xx_hal_uart.o

.debug_ranges   0x0000000000000000      0xd90
 .debug_ranges  0x0000000000000000       0x78 Core/Src/main.o
 .debug_ranges  0x0000000000000078       0x58 Core/Src/stm32f0xx_hal_msp.o
 .debug_ranges  0x00000000000000d0       0x40 Core/Src/stm32f0xx_it.o
 .debug_ranges  0x0000000000000110       0x18 Core/Src/system_stm32f0xx.o
 .debug_ranges  0x0000000000000128       0x20 Core/Startup/startup_stm32f030rctx.o
 .debug_ranges  0x0000000000000148       0xc0 Drivers/STM32F0xx_HAL_Driver/Src/stm32f0xx_hal.o
 .debug_ranges  0x0000000000000208       0xe8 Drivers/STM32F0xx_HAL_Driver/Src/stm32f0xx_hal_adc.o
 .debug_ranges  0x00000000000002f0       0xb0 Drivers/STM32F0xx_HAL_Driver/Src/stm32f0xx_hal_cortex.o
 .debug_ranges  0x00000000000003a0       0x78 Drivers/STM32F0xx_HAL_Driver/Src/stm32f0xx_hal_dma.o
 .debug_ranges  0x0000000000000418       0x48 Drivers/STM32F0xx_HAL_Driver/Src/stm32f0xx_hal_gpio.o
 .debug_ranges  0x0000000000000460       0x70 Drivers/STM32F0xx_HAL_Driver/Src/stm32f0xx_hal_rcc.o
 .debug_ranges  0x00000000000004d0       0x20 Drivers/STM32F0xx_HAL_Driver/Src/stm32f0xx_hal_rcc_ex.o
 .debug_ranges  0x00000000000004f0      0x1c8 Drivers/STM32F0xx_HAL_Driver/Src/stm32f0xx_hal_spi.o
 .debug_ranges  0x00000000000006b8      0x3a8 Drivers/STM32F0xx_HAL_Driver/Src/stm32f0xx_hal_tim.o
 .debug_ranges  0x0000000000000a60      0x140 Drivers/STM32F0xx_HAL_Driver/Src/stm32f0xx_hal_tim_ex.o
 .debug_ranges  0x0000000000000ba0      0x1f0 Drivers/STM32F0xx_HAL_Driver/Src/stm32f0xx_hal_uart.o

.debug_macro    0x0000000000000000     0xde9a
 .debug_macro   0x0000000000000000      0x1f1 Core/Src/main.o
 .debug_macro   0x00000000000001f1      0xa48 Core/Src/main.o
 .debug_macro   0x0000000000000c39      0x13f Core/Src/main.o
 .debug_macro   0x0000000000000d78       0x2e Core/Src/main.o
 .debug_macro   0x0000000000000da6       0x22 Core/Src/main.o
 .debug_macro   0x0000000000000dc8       0x22 Core/Src/main.o
 .debug_macro   0x0000000000000dea       0x8e Core/Src/main.o
 .debug_macro   0x0000000000000e78       0x51 Core/Src/main.o
 .debug_macro   0x0000000000000ec9       0xef Core/Src/main.o
 .debug_macro   0x0000000000000fb8       0x6a Core/Src/main.o
 .debug_macro   0x0000000000001022      0x1df Core/Src/main.o
 .debug_macro   0x0000000000001201       0x1c Core/Src/main.o
 .debug_macro   0x000000000000121d       0x22 Core/Src/main.o
 .debug_macro   0x000000000000123f       0xb5 Core/Src/main.o
 .debug_macro   0x00000000000012f4      0x391 Core/Src/main.o
 .debug_macro   0x0000000000001685     0x784d Core/Src/main.o
 .debug_macro   0x0000000000008ed2       0x3c Core/Src/main.o
 .debug_macro   0x0000000000008f0e      0x174 Core/Src/main.o
 .debug_macro   0x0000000000009082       0x53 Core/Src/main.o
 .debug_macro   0x00000000000090d5      0x924 Core/Src/main.o
 .debug_macro   0x00000000000099f9      0x289 Core/Src/main.o
 .debug_macro   0x0000000000009c82      0x12f Core/Src/main.o
 .debug_macro   0x0000000000009db1      0x153 Core/Src/main.o
 .debug_macro   0x0000000000009f04      0x1a0 Core/Src/main.o
 .debug_macro   0x000000000000a0a4      0x1bc Core/Src/main.o
 .debug_macro   0x000000000000a260      0x1de Core/Src/main.o
 .debug_macro   0x000000000000a43e       0x3c Core/Src/main.o
 .debug_macro   0x000000000000a47a       0x28 Core/Src/main.o
 .debug_macro   0x000000000000a4a2      0x33d Core/Src/main.o
 .debug_macro   0x000000000000a7df       0xc2 Core/Src/main.o
 .debug_macro   0x000000000000a8a1       0xb0 Core/Src/main.o
 .debug_macro   0x000000000000a951      0x217 Core/Src/main.o
 .debug_macro   0x000000000000ab68      0x22c Core/Src/main.o
 .debug_macro   0x000000000000ad94       0x5f Core/Src/main.o
 .debug_macro   0x000000000000adf3       0xa5 Core/Src/main.o
 .debug_macro   0x000000000000ae98       0x4c Core/Src/main.o
 .debug_macro   0x000000000000aee4       0x49 Core/Src/main.o
 .debug_macro   0x000000000000af2d      0x305 Core/Src/main.o
 .debug_macro   0x000000000000b232      0x8ae Core/Src/main.o
 .debug_macro   0x000000000000bae0       0x28 Core/Src/main.o
 .debug_macro   0x000000000000bb08      0x543 Core/Src/main.o
 .debug_macro   0x000000000000c04b       0x44 Core/Src/main.o
 .debug_macro   0x000000000000c08f      0x10d Core/Src/main.o
 .debug_macro   0x000000000000c19c      0x1c2 Core/Src/main.o
 .debug_macro   0x000000000000c35e      0x1f1 Core/Src/stm32f0xx_hal_msp.o
 .debug_macro   0x000000000000c54f      0x1fb Core/Src/stm32f0xx_it.o
 .debug_macro   0x000000000000c74a      0x1e2 Core/Src/system_stm32f0xx.o
 .debug_macro   0x000000000000c92c      0x206 Drivers/STM32F0xx_HAL_Driver/Src/stm32f0xx_hal.o
 .debug_macro   0x000000000000cb32      0x206 Drivers/STM32F0xx_HAL_Driver/Src/stm32f0xx_hal_adc.o
 .debug_macro   0x000000000000cd38      0x1e2 Drivers/STM32F0xx_HAL_Driver/Src/stm32f0xx_hal_cortex.o
 .debug_macro   0x000000000000cf1a      0x1e2 Drivers/STM32F0xx_HAL_Driver/Src/stm32f0xx_hal_dma.o
 .debug_macro   0x000000000000d0fc      0x21a Drivers/STM32F0xx_HAL_Driver/Src/stm32f0xx_hal_gpio.o
 .debug_macro   0x000000000000d316      0x1f4 Drivers/STM32F0xx_HAL_Driver/Src/stm32f0xx_hal_rcc.o
 .debug_macro   0x000000000000d50a      0x1e2 Drivers/STM32F0xx_HAL_Driver/Src/stm32f0xx_hal_rcc_ex.o
 .debug_macro   0x000000000000d6ec      0x1ea Drivers/STM32F0xx_HAL_Driver/Src/stm32f0xx_hal_spi.o
 .debug_macro   0x000000000000d8d6      0x1e3 Drivers/STM32F0xx_HAL_Driver/Src/stm32f0xx_hal_tim.o
 .debug_macro   0x000000000000dab9      0x1e2 Drivers/STM32F0xx_HAL_Driver/Src/stm32f0xx_hal_tim_ex.o
 .debug_macro   0x000000000000dc9b      0x1ff Drivers/STM32F0xx_HAL_Driver/Src/stm32f0xx_hal_uart.o

.debug_line     0x0000000000000000     0xacb6
 .debug_line    0x0000000000000000      0x9af Core/Src/main.o
 .debug_line    0x00000000000009af      0x834 Core/Src/stm32f0xx_hal_msp.o
 .debug_line    0x00000000000011e3      0x777 Core/Src/stm32f0xx_it.o
 .debug_line    0x000000000000195a      0x71a Core/Src/system_stm32f0xx.o
 .debug_line    0x0000000000002074       0x89 Core/Startup/startup_stm32f030rctx.o
 .debug_line    0x00000000000020fd      0x8b4 Drivers/STM32F0xx_HAL_Driver/Src/stm32f0xx_hal.o
 .debug_line    0x00000000000029b1      0xc73 Drivers/STM32F0xx_HAL_Driver/Src/stm32f0xx_hal_adc.o
 .debug_line    0x0000000000003624      0x8cc Drivers/STM32F0xx_HAL_Driver/Src/stm32f0xx_hal_cortex.o
 .debug_line    0x0000000000003ef0      0x912 Drivers/STM32F0xx_HAL_Driver/Src/stm32f0xx_hal_dma.o
 .debug_line    0x0000000000004802      0x879 Drivers/STM32F0xx_HAL_Driver/Src/stm32f0xx_hal_gpio.o
 .debug_line    0x000000000000507b      0x975 Drivers/STM32F0xx_HAL_Driver/Src/stm32f0xx_hal_rcc.o
 .debug_line    0x00000000000059f0      0x7cf Drivers/STM32F0xx_HAL_Driver/Src/stm32f0xx_hal_rcc_ex.o
 .debug_line    0x00000000000061bf     0x1189 Drivers/STM32F0xx_HAL_Driver/Src/stm32f0xx_hal_spi.o
 .debug_line    0x0000000000007348     0x1ad7 Drivers/STM32F0xx_HAL_Driver/Src/stm32f0xx_hal_tim.o
 .debug_line    0x0000000000008e1f      0xcfb Drivers/STM32F0xx_HAL_Driver/Src/stm32f0xx_hal_tim_ex.o
 .debug_line    0x0000000000009b1a     0x119c Drivers/STM32F0xx_HAL_Driver/Src/stm32f0xx_hal_uart.o

.debug_str      0x0000000000000000    0x54648
 .debug_str     0x0000000000000000    0x51500 Core/Src/main.o
                                      0x5180e (size before relaxing)
 .debug_str     0x0000000000051500       0xee Core/Src/stm32f0xx_hal_msp.o
                                      0x511fb (size before relaxing)
 .debug_str     0x00000000000515ee       0x76 Core/Src/stm32f0xx_it.o
                                      0x509e2 (size before relaxing)
 .debug_str     0x0000000000051664       0x5f Core/Src/system_stm32f0xx.o
                                      0x5014a (size before relaxing)
 .debug_str     0x00000000000516c3       0x36 Core/Startup/startup_stm32f030rctx.o
                                         0x67 (size before relaxing)
 .debug_str     0x00000000000516f9      0x39c Drivers/STM32F0xx_HAL_Driver/Src/stm32f0xx_hal.o
                                      0x5066e (size before relaxing)
 .debug_str     0x0000000000051a95      0x37f Drivers/STM32F0xx_HAL_Driver/Src/stm32f0xx_hal_adc.o
                                      0x5085a (size before relaxing)
 .debug_str     0x0000000000051e14      0x1ee Drivers/STM32F0xx_HAL_Driver/Src/stm32f0xx_hal_cortex.o
                                      0x50522 (size before relaxing)
 .debug_str     0x0000000000052002      0x252 Drivers/STM32F0xx_HAL_Driver/Src/stm32f0xx_hal_dma.o
                                      0x50532 (size before relaxing)
 .debug_str     0x0000000000052254      0x1fa Drivers/STM32F0xx_HAL_Driver/Src/stm32f0xx_hal_gpio.o
                                      0x503e6 (size before relaxing)
 .debug_str     0x000000000005244e      0x254 Drivers/STM32F0xx_HAL_Driver/Src/stm32f0xx_hal_rcc.o
                                      0x50554 (size before relaxing)
 .debug_str     0x00000000000526a2       0xb1 Drivers/STM32F0xx_HAL_Driver/Src/stm32f0xx_hal_rcc_ex.o
                                      0x50286 (size before relaxing)
 .debug_str     0x0000000000052753      0x571 Drivers/STM32F0xx_HAL_Driver/Src/stm32f0xx_hal_spi.o
                                      0x50a8d (size before relaxing)
 .debug_str     0x0000000000052cc4      0xd55 Drivers/STM32F0xx_HAL_Driver/Src/stm32f0xx_hal_tim.o
                                      0x51353 (size before relaxing)
 .debug_str     0x0000000000053a19      0x49b Drivers/STM32F0xx_HAL_Driver/Src/stm32f0xx_hal_tim_ex.o
                                      0x50b07 (size before relaxing)
 .debug_str     0x0000000000053eb4      0x794 Drivers/STM32F0xx_HAL_Driver/Src/stm32f0xx_hal_uart.o
                                      0x50d3e (size before relaxing)

.comment        0x0000000000000000       0x7b
 .comment       0x0000000000000000       0x7b Core/Src/main.o
                                         0x7c (size before relaxing)
 .comment       0x000000000000007b       0x7c Core/Src/stm32f0xx_hal_msp.o
 .comment       0x000000000000007b       0x7c Core/Src/stm32f0xx_it.o
 .comment       0x000000000000007b       0x7c Core/Src/system_stm32f0xx.o
 .comment       0x000000000000007b       0x7c Drivers/STM32F0xx_HAL_Driver/Src/stm32f0xx_hal.o
 .comment       0x000000000000007b       0x7c Drivers/STM32F0xx_HAL_Driver/Src/stm32f0xx_hal_adc.o
 .comment       0x000000000000007b       0x7c Drivers/STM32F0xx_HAL_Driver/Src/stm32f0xx_hal_cortex.o
 .comment       0x000000000000007b       0x7c Drivers/STM32F0xx_HAL_Driver/Src/stm32f0xx_hal_dma.o
 .comment       0x000000000000007b       0x7c Drivers/STM32F0xx_HAL_Driver/Src/stm32f0xx_hal_gpio.o
 .comment       0x000000000000007b       0x7c Drivers/STM32F0xx_HAL_Driver/Src/stm32f0xx_hal_rcc.o
 .comment       0x000000000000007b       0x7c Drivers/STM32F0xx_HAL_Driver/Src/stm32f0xx_hal_rcc_ex.o
 .comment       0x000000000000007b       0x7c Drivers/STM32F0xx_HAL_Driver/Src/stm32f0xx_hal_spi.o
 .comment       0x000000000000007b       0x7c Drivers/STM32F0xx_HAL_Driver/Src/stm32f0xx_hal_tim.o
 .comment       0x000000000000007b       0x7c Drivers/STM32F0xx_HAL_Driver/Src/stm32f0xx_hal_tim_ex.o
 .comment       0x000000000000007b       0x7c Drivers/STM32F0xx_HAL_Driver/Src/stm32f0xx_hal_uart.o

.debug_frame    0x0000000000000000     0x34c8
 .debug_frame   0x0000000000000000      0x1c0 Core/Src/main.o
 .debug_frame   0x00000000000001c0      0x150 Core/Src/stm32f0xx_hal_msp.o
 .debug_frame   0x0000000000000310       0xd4 Core/Src/stm32f0xx_it.o
 .debug_frame   0x00000000000003e4       0x4c Core/Src/system_stm32f0xx.o
 .debug_frame   0x0000000000000430      0x2a4 Drivers/STM32F0xx_HAL_Driver/Src/stm32f0xx_hal.o
 .debug_frame   0x00000000000006d4      0x3a0 Drivers/STM32F0xx_HAL_Driver/Src/stm32f0xx_hal_adc.o
 .debug_frame   0x0000000000000a74      0x2a0 Drivers/STM32F0xx_HAL_Driver/Src/stm32f0xx_hal_cortex.o
 .debug_frame   0x0000000000000d14      0x1d0 Drivers/STM32F0xx_HAL_Driver/Src/stm32f0xx_hal_dma.o
 .debug_frame   0x0000000000000ee4      0x110 Drivers/STM32F0xx_HAL_Driver/Src/stm32f0xx_hal_gpio.o
 .debug_frame   0x0000000000000ff4      0x198 Drivers/STM32F0xx_HAL_Driver/Src/stm32f0xx_hal_rcc.o
 .debug_frame   0x000000000000118c       0x70 Drivers/STM32F0xx_HAL_Driver/Src/stm32f0xx_hal_rcc_ex.o
 .debug_frame   0x00000000000011fc      0x710 Drivers/STM32F0xx_HAL_Driver/Src/stm32f0xx_hal_spi.o
 .debug_frame   0x000000000000190c      0xe90 Drivers/STM32F0xx_HAL_Driver/Src/stm32f0xx_hal_tim.o
 .debug_frame   0x000000000000279c      0x4f0 Drivers/STM32F0xx_HAL_Driver/Src/stm32f0xx_hal_tim_ex.o
 .debug_frame   0x0000000000002c8c      0x7b0 Drivers/STM32F0xx_HAL_Driver/Src/stm32f0xx_hal_uart.o
 .debug_frame   0x000000000000343c       0x2c c:/st/stm32cubeide_1.5.0/stm32cubeide/plugins/com.st.stm32cube.ide.mcu.externaltools.gnu-tools-for-stm32.7-2018-q2-update.win32_1.5.0.202011040924/tools/bin/../lib/gcc/arm-none-eabi/7.3.1/../../../../arm-none-eabi/lib/thumb/v6-m\libc_nano.a(lib_a-init.o)
 .debug_frame   0x0000000000003468       0x20 c:/st/stm32cubeide_1.5.0/stm32cubeide/plugins/com.st.stm32cube.ide.mcu.externaltools.gnu-tools-for-stm32.7-2018-q2-update.win32_1.5.0.202011040924/tools/bin/../lib/gcc/arm-none-eabi/7.3.1/../../../../arm-none-eabi/lib/thumb/v6-m\libc_nano.a(lib_a-memset.o)
 .debug_frame   0x0000000000003488       0x20 c:/st/stm32cubeide_1.5.0/stm32cubeide/plugins/com.st.stm32cube.ide.mcu.externaltools.gnu-tools-for-stm32.7-2018-q2-update.win32_1.5.0.202011040924/tools/bin/../lib/gcc/arm-none-eabi/7.3.1/thumb/v6-m\libgcc.a(_udivsi3.o)
 .debug_frame   0x00000000000034a8       0x20 c:/st/stm32cubeide_1.5.0/stm32cubeide/plugins/com.st.stm32cube.ide.mcu.externaltools.gnu-tools-for-stm32.7-2018-q2-update.win32_1.5.0.202011040924/tools/bin/../lib/gcc/arm-none-eabi/7.3.1/thumb/v6-m\libgcc.a(_divsi3.o)
