Archive member included to satisfy reference by file (symbol)

c:/program files/stm32cubeide_1.10.1/stm32cubeide/plugins/com.st.stm32cube.ide.mcu.externaltools.gnu-tools-for-stm32.10.3-2021.10.win32_1.0.0.202111181127/tools/bin/../lib/gcc/arm-none-eabi/10.3.1/../../../../arm-none-eabi/lib/thumb/v7e-m+fp/hard\libc_nano.a(lib_a-errno.o)
                              ./Core/Src/syscalls.o (__errno)
c:/program files/stm32cubeide_1.10.1/stm32cubeide/plugins/com.st.stm32cube.ide.mcu.externaltools.gnu-tools-for-stm32.10.3-2021.10.win32_1.0.0.202111181127/tools/bin/../lib/gcc/arm-none-eabi/10.3.1/../../../../arm-none-eabi/lib/thumb/v7e-m+fp/hard\libc_nano.a(lib_a-exit.o)
                              c:/program files/stm32cubeide_1.10.1/stm32cubeide/plugins/com.st.stm32cube.ide.mcu.externaltools.gnu-tools-for-stm32.10.3-2021.10.win32_1.0.0.202111181127/tools/bin/../lib/gcc/arm-none-eabi/10.3.1/../../../../arm-none-eabi/lib/thumb/v7e-m+fp/hard/crt0.o (exit)
c:/program files/stm32cubeide_1.10.1/stm32cubeide/plugins/com.st.stm32cube.ide.mcu.externaltools.gnu-tools-for-stm32.10.3-2021.10.win32_1.0.0.202111181127/tools/bin/../lib/gcc/arm-none-eabi/10.3.1/../../../../arm-none-eabi/lib/thumb/v7e-m+fp/hard\libc_nano.a(lib_a-impure.o)
                              c:/program files/stm32cubeide_1.10.1/stm32cubeide/plugins/com.st.stm32cube.ide.mcu.externaltools.gnu-tools-for-stm32.10.3-2021.10.win32_1.0.0.202111181127/tools/bin/../lib/gcc/arm-none-eabi/10.3.1/../../../../arm-none-eabi/lib/thumb/v7e-m+fp/hard\libc_nano.a(lib_a-exit.o) (_global_impure_ptr)
c:/program files/stm32cubeide_1.10.1/stm32cubeide/plugins/com.st.stm32cube.ide.mcu.externaltools.gnu-tools-for-stm32.10.3-2021.10.win32_1.0.0.202111181127/tools/bin/../lib/gcc/arm-none-eabi/10.3.1/../../../../arm-none-eabi/lib/thumb/v7e-m+fp/hard\libc_nano.a(lib_a-init.o)
                              c:/program files/stm32cubeide_1.10.1/stm32cubeide/plugins/com.st.stm32cube.ide.mcu.externaltools.gnu-tools-for-stm32.10.3-2021.10.win32_1.0.0.202111181127/tools/bin/../lib/gcc/arm-none-eabi/10.3.1/../../../../arm-none-eabi/lib/thumb/v7e-m+fp/hard/crt0.o (__libc_init_array)
c:/program files/stm32cubeide_1.10.1/stm32cubeide/plugins/com.st.stm32cube.ide.mcu.externaltools.gnu-tools-for-stm32.10.3-2021.10.win32_1.0.0.202111181127/tools/bin/../lib/gcc/arm-none-eabi/10.3.1/../../../../arm-none-eabi/lib/thumb/v7e-m+fp/hard\libc_nano.a(lib_a-memset.o)
                              c:/program files/stm32cubeide_1.10.1/stm32cubeide/plugins/com.st.stm32cube.ide.mcu.externaltools.gnu-tools-for-stm32.10.3-2021.10.win32_1.0.0.202111181127/tools/bin/../lib/gcc/arm-none-eabi/10.3.1/../../../../arm-none-eabi/lib/thumb/v7e-m+fp/hard/crt0.o (memset)

Discarded input sections

 .text          0x0000000000000000        0x0 c:/program files/stm32cubeide_1.10.1/stm32cubeide/plugins/com.st.stm32cube.ide.mcu.externaltools.gnu-tools-for-stm32.10.3-2021.10.win32_1.0.0.202111181127/tools/bin/../lib/gcc/arm-none-eabi/10.3.1/thumb/v7e-m+fp/hard/crti.o
 .data          0x0000000000000000        0x0 c:/program files/stm32cubeide_1.10.1/stm32cubeide/plugins/com.st.stm32cube.ide.mcu.externaltools.gnu-tools-for-stm32.10.3-2021.10.win32_1.0.0.202111181127/tools/bin/../lib/gcc/arm-none-eabi/10.3.1/thumb/v7e-m+fp/hard/crti.o
 .bss           0x0000000000000000        0x0 c:/program files/stm32cubeide_1.10.1/stm32cubeide/plugins/com.st.stm32cube.ide.mcu.externaltools.gnu-tools-for-stm32.10.3-2021.10.win32_1.0.0.202111181127/tools/bin/../lib/gcc/arm-none-eabi/10.3.1/thumb/v7e-m+fp/hard/crti.o
 .data          0x0000000000000000        0x4 c:/program files/stm32cubeide_1.10.1/stm32cubeide/plugins/com.st.stm32cube.ide.mcu.externaltools.gnu-tools-for-stm32.10.3-2021.10.win32_1.0.0.202111181127/tools/bin/../lib/gcc/arm-none-eabi/10.3.1/thumb/v7e-m+fp/hard/crtbegin.o
 .rodata        0x0000000000000000       0x24 c:/program files/stm32cubeide_1.10.1/stm32cubeide/plugins/com.st.stm32cube.ide.mcu.externaltools.gnu-tools-for-stm32.10.3-2021.10.win32_1.0.0.202111181127/tools/bin/../lib/gcc/arm-none-eabi/10.3.1/thumb/v7e-m+fp/hard/crtbegin.o
 .text          0x0000000000000000       0x7c c:/program files/stm32cubeide_1.10.1/stm32cubeide/plugins/com.st.stm32cube.ide.mcu.externaltools.gnu-tools-for-stm32.10.3-2021.10.win32_1.0.0.202111181127/tools/bin/../lib/gcc/arm-none-eabi/10.3.1/../../../../arm-none-eabi/lib/thumb/v7e-m+fp/hard/crt0.o
 .data          0x0000000000000000        0x0 c:/program files/stm32cubeide_1.10.1/stm32cubeide/plugins/com.st.stm32cube.ide.mcu.externaltools.gnu-tools-for-stm32.10.3-2021.10.win32_1.0.0.202111181127/tools/bin/../lib/gcc/arm-none-eabi/10.3.1/../../../../arm-none-eabi/lib/thumb/v7e-m+fp/hard/crt0.o
 .bss           0x0000000000000000        0x0 c:/program files/stm32cubeide_1.10.1/stm32cubeide/plugins/com.st.stm32cube.ide.mcu.externaltools.gnu-tools-for-stm32.10.3-2021.10.win32_1.0.0.202111181127/tools/bin/../lib/gcc/arm-none-eabi/10.3.1/../../../../arm-none-eabi/lib/thumb/v7e-m+fp/hard/crt0.o
[...]
Memory Configuration

Name             Origin             Length             Attributes
CCMRAM           0x0000000010000000 0x0000000000004000 xrw
RAM              0x0000000020000000 0x0000000000010000 xrw
FLASH            0x0000000008000000 0x0000000000080000 xr
*default*        0x0000000000000000 0xffffffffffffffff

Linker script and memory map

LOAD c:/program files/stm32cubeide_1.10.1/stm32cubeide/plugins/com.st.stm32cube.ide.mcu.externaltools.gnu-tools-for-stm32.10.3-2021.10.win32_1.0.0.202111181127/tools/bin/../lib/gcc/arm-none-eabi/10.3.1/thumb/v7e-m+fp/hard/crti.o
LOAD c:/program files/stm32cubeide_1.10.1/stm32cubeide/plugins/com.st.stm32cube.ide.mcu.externaltools.gnu-tools-for-stm32.10.3-2021.10.win32_1.0.0.202111181127/tools/bin/../lib/gcc/arm-none-eabi/10.3.1/thumb/v7e-m+fp/hard/crtbegin.o
LOAD c:/program files/stm32cubeide_1.10.1/stm32cubeide/plugins/com.st.stm32cube.ide.mcu.externaltools.gnu-tools-for-stm32.10.3-2021.10.win32_1.0.0.202111181127/tools/bin/../lib/gcc/arm-none-eabi/10.3.1/../../../../arm-none-eabi/lib/thumb/v7e-m+fp/hard/crt0.o
LOAD ./Core/Src/adc.o
LOAD ./Core/Src/dma.o
LOAD ./Core/Src/gpio.o
LOAD ./Core/Src/main.o
LOAD ./Core/Src/stm32f3xx_hal_msp.o
LOAD ./Core/Src/stm32f3xx_it.o
LOAD ./Core/Src/syscalls.o
LOAD ./Core/Src/sysmem.o
LOAD ./Core/Src/system_stm32f3xx.o
LOAD ./Core/Src/tim.o
LOAD ./Core/Src/usart.o
LOAD ./Core/Src/lib/sm_bypass.o
LOAD ./Core/Startup/startup_stm32f303retx.o
LOAD ./Drivers/STM32F3xx_HAL_Driver/Src/stm32f3xx_hal.o
LOAD ./Drivers/STM32F3xx_HAL_Driver/Src/stm32f3xx_hal_adc.o
LOAD ./Drivers/STM32F3xx_HAL_Driver/Src/stm32f3xx_hal_adc_ex.o
LOAD ./Drivers/STM32F3xx_HAL_Driver/Src/stm32f3xx_hal_cortex.o
LOAD ./Drivers/STM32F3xx_HAL_Driver/Src/stm32f3xx_hal_dma.o
LOAD ./Drivers/STM32F3xx_HAL_Driver/Src/stm32f3xx_hal_exti.o
LOAD ./Drivers/STM32F3xx_HAL_Driver/Src/stm32f3xx_hal_flash.o
LOAD ./Drivers/STM32F3xx_HAL_Driver/Src/stm32f3xx_hal_flash_ex.o
LOAD ./Drivers/STM32F3xx_HAL_Driver/Src/stm32f3xx_hal_gpio.o
LOAD ./Drivers/STM32F3xx_HAL_Driver/Src/stm32f3xx_hal_i2c.o
LOAD ./Drivers/STM32F3xx_HAL_Driver/Src/stm32f3xx_hal_i2c_ex.o
LOAD ./Drivers/STM32F3xx_HAL_Driver/Src/stm32f3xx_hal_pwr.o
LOAD ./Drivers/STM32F3xx_HAL_Driver/Src/stm32f3xx_hal_pwr_ex.o
LOAD ./Drivers/STM32F3xx_HAL_Driver/Src/stm32f3xx_hal_rcc.o
LOAD ./Drivers/STM32F3xx_HAL_Driver/Src/stm32f3xx_hal_rcc_ex.o
LOAD ./Drivers/STM32F3xx_HAL_Driver/Src/stm32f3xx_hal_tim.o
LOAD ./Drivers/STM32F3xx_HAL_Driver/Src/stm32f3xx_hal_tim_ex.o
LOAD ./Drivers/STM32F3xx_HAL_Driver/Src/stm32f3xx_hal_uart.o
LOAD ./Drivers/STM32F3xx_HAL_Driver/Src/stm32f3xx_hal_uart_ex.o
START GROUP
LOAD c:/program files/stm32cubeide_1.10.1/stm32cubeide/plugins/com.st.stm32cube.ide.mcu.externaltools.gnu-tools-for-stm32.10.3-2021.10.win32_1.0.0.202111181127/tools/bin/../lib/gcc/arm-none-eabi/10.3.1/../../../../arm-none-eabi/lib/thumb/v7e-m+fp/hard\libc_nano.a
LOAD c:/program files/stm32cubeide_1.10.1/stm32cubeide/plugins/com.st.stm32cube.ide.mcu.externaltools.gnu-tools-for-stm32.10.3-2021.10.win32_1.0.0.202111181127/tools/bin/../lib/gcc/arm-none-eabi/10.3.1/../../../../arm-none-eabi/lib/thumb/v7e-m+fp/hard\libm.a
END GROUP
START GROUP
LOAD c:/program files/stm32cubeide_1.10.1/stm32cubeide/plugins/com.st.stm32cube.ide.mcu.externaltools.gnu-tools-for-stm32.10.3-2021.10.win32_1.0.0.202111181127/tools/bin/../lib/gcc/arm-none-eabi/10.3.1/thumb/v7e-m+fp/hard\libgcc.a
LOAD c:/program files/stm32cubeide_1.10.1/stm32cubeide/plugins/com.st.stm32cube.ide.mcu.externaltools.gnu-tools-for-stm32.10.3-2021.10.win32_1.0.0.202111181127/tools/bin/../lib/gcc/arm-none-eabi/10.3.1/../../../../arm-none-eabi/lib/thumb/v7e-m+fp/hard\libc_nano.a
END GROUP
START GROUP
LOAD c:/program files/stm32cubeide_1.10.1/stm32cubeide/plugins/com.st.stm32cube.ide.mcu.externaltools.gnu-tools-for-stm32.10.3-2021.10.win32_1.0.0.202111181127/tools/bin/../lib/gcc/arm-none-eabi/10.3.1/thumb/v7e-m+fp/hard\libgcc.a
LOAD c:/program files/stm32cubeide_1.10.1/stm32cubeide/plugins/com.st.stm32cube.ide.mcu.externaltools.gnu-tools-for-stm32.10.3-2021.10.win32_1.0.0.202111181127/tools/bin/../lib/gcc/arm-none-eabi/10.3.1/../../../../arm-none-eabi/lib/thumb/v7e-m+fp/hard\libc_nano.a
LOAD c:/program files/stm32cubeide_1.10.1/stm32cubeide/plugins/com.st.stm32cube.ide.mcu.externaltools.gnu-tools-for-stm32.10.3-2021.10.win32_1.0.0.202111181127/tools/bin/../lib/gcc/arm-none-eabi/10.3.1/../../../../arm-none-eabi/lib/thumb/v7e-m+fp/hard\libnosys.a
END GROUP
START GROUP
LOAD c:/program files/stm32cubeide_1.10.1/stm32cubeide/plugins/com.st.stm32cube.ide.mcu.externaltools.gnu-tools-for-stm32.10.3-2021.10.win32_1.0.0.202111181127/tools/bin/../lib/gcc/arm-none-eabi/10.3.1/thumb/v7e-m+fp/hard\libgcc.a
LOAD c:/program files/stm32cubeide_1.10.1/stm32cubeide/plugins/com.st.stm32cube.ide.mcu.externaltools.gnu-tools-for-stm32.10.3-2021.10.win32_1.0.0.202111181127/tools/bin/../lib/gcc/arm-none-eabi/10.3.1/../../../../arm-none-eabi/lib/thumb/v7e-m+fp/hard\libc_nano.a
LOAD c:/program files/stm32cubeide_1.10.1/stm32cubeide/plugins/com.st.stm32cube.ide.mcu.externaltools.gnu-tools-for-stm32.10.3-2021.10.win32_1.0.0.202111181127/tools/bin/../lib/gcc/arm-none-eabi/10.3.1/../../../../arm-none-eabi/lib/thumb/v7e-m+fp/hard\libnosys.a
END GROUP
LOAD c:/program files/stm32cubeide_1.10.1/stm32cubeide/plugins/com.st.stm32cube.ide.mcu.externaltools.gnu-tools-for-stm32.10.3-2021.10.win32_1.0.0.202111181127/tools/bin/../lib/gcc/arm-none-eabi/10.3.1/thumb/v7e-m+fp/hard/crtend.o
LOAD c:/program files/stm32cubeide_1.10.1/stm32cubeide/plugins/com.st.stm32cube.ide.mcu.externaltools.gnu-tools-for-stm32.10.3-2021.10.win32_1.0.0.202111181127/tools/bin/../lib/gcc/arm-none-eabi/10.3.1/thumb/v7e-m+fp/hard/crtn.o
                0x0000000020010000                _estack = (ORIGIN (RAM) + LENGTH (RAM))
                0x0000000000000200                _Min_Heap_Size = 0x200
                0x0000000000000400                _Min_Stack_Size = 0x400

.isr_vector     0x0000000008000000      0x194
                0x0000000008000000                . = ALIGN (0x4)
 *(.isr_vector)
 .isr_vector    0x0000000008000000      0x194 ./Core/Startup/startup_stm32f303retx.o
                0x0000000008000000                g_pfnVectors
                0x0000000008000194                . = ALIGN (0x4)

.text           0x0000000008000194     0x6d8c
                0x0000000008000194                . = ALIGN (0x4)
 *(.text)
 .text          0x0000000008000194       0x40 c:/program files/stm32cubeide_1.10.1/stm32cubeide/plugins/com.st.stm32cube.ide.mcu.externaltools.gnu-tools-for-stm32.10.3-2021.10.win32_1.0.0.202111181127/tools/bin/../lib/gcc/arm-none-eabi/10.3.1/thumb/v7e-m+fp/hard/crtbegin.o
 *(.text*)
 .text.MX_ADC1_Init
                0x00000000080001d4      0x1c0 ./Core/Src/adc.o
                0x00000000080001d4                MX_ADC1_Init
 .text.HAL_ADC_MspInit
                0x0000000008000394      0x13c ./Core/Src/adc.o
                0x0000000008000394                HAL_ADC_MspInit
 .text.MX_DMA_Init
                0x00000000080004d0       0x5c ./Core/Src/dma.o
                0x00000000080004d0                MX_DMA_Init
 .text.MX_GPIO_Init
                0x000000000800052c      0x1c0 ./Core/Src/gpio.o
                0x000000000800052c                MX_GPIO_Init
 .text.main     0x00000000080006ec      0x13c ./Core/Src/main.o
                0x00000000080006ec                main
 .text.SystemClock_Config
                0x0000000008000828       0xd8 ./Core/Src/main.o
                0x0000000008000828                SystemClock_Config
 .text.HAL_TIM_IC_CaptureCallback
                0x0000000008000900       0x14 ./Core/Src/main.o
                0x0000000008000900                HAL_TIM_IC_CaptureCallback
 .text.HAL_ADC_ConvCpltCallback
                0x0000000008000914       0x14 ./Core/Src/main.o
                0x0000000008000914                HAL_ADC_ConvCpltCallback
 .text.led_toggle_tick
                0x0000000008000928       0x40 ./Core/Src/main.o
                0x0000000008000928                led_toggle_tick
 .text.generate_triangle_wave
                0x0000000008000968       0xbc ./Core/Src/main.o
                0x0000000008000968                generate_triangle_wave
 .text.Error_Handler
                0x0000000008000a24        0xa ./Core/Src/main.o
                0x0000000008000a24                Error_Handler
 *fill*         0x0000000008000a2e        0x2 
 .text.HAL_MspInit
                0x0000000008000a30       0x48 ./Core/Src/stm32f3xx_hal_msp.o
                0x0000000008000a30                HAL_MspInit
 .text.NMI_Handler
                0x0000000008000a78        0x6 ./Core/Src/stm32f3xx_it.o
                0x0000000008000a78                NMI_Handler
 .text.HardFault_Handler
                0x0000000008000a7e        0x6 ./Core/Src/stm32f3xx_it.o
                0x0000000008000a7e                HardFault_Handler
 .text.MemManage_Handler
                0x0000000008000a84        0x6 ./Core/Src/stm32f3xx_it.o
                0x0000000008000a84                MemManage_Handler
 .text.BusFault_Handler
                0x0000000008000a8a        0x6 ./Core/Src/stm32f3xx_it.o
                0x0000000008000a8a                BusFault_Handler
 .text.UsageFault_Handler
                0x0000000008000a90        0x6 ./Core/Src/stm32f3xx_it.o
                0x0000000008000a90                UsageFault_Handler
 .text.SVC_Handler
                0x0000000008000a96        0xe ./Core/Src/stm32f3xx_it.o
                0x0000000008000a96                SVC_Handler
 .text.DebugMon_Handler
                0x0000000008000aa4        0xe ./Core/Src/stm32f3xx_it.o
                0x0000000008000aa4                DebugMon_Handler
 .text.PendSV_Handler
                0x0000000008000ab2        0xe ./Core/Src/stm32f3xx_it.o
                0x0000000008000ab2                PendSV_Handler
 .text.SysTick_Handler
                0x0000000008000ac0        0xc ./Core/Src/stm32f3xx_it.o
                0x0000000008000ac0                SysTick_Handler
 .text.DMA1_Channel1_IRQHandler
                0x0000000008000acc       0x14 ./Core/Src/stm32f3xx_it.o
                0x0000000008000acc                DMA1_Channel1_IRQHandler
 .text.DMA1_Channel3_IRQHandler
                0x0000000008000ae0       0x14 ./Core/Src/stm32f3xx_it.o
                0x0000000008000ae0                DMA1_Channel3_IRQHandler
 .text.DMA1_Channel4_IRQHandler
                0x0000000008000af4       0x14 ./Core/Src/stm32f3xx_it.o
                0x0000000008000af4                DMA1_Channel4_IRQHandler
 .text.TIM4_IRQHandler
                0x0000000008000b08       0x18 ./Core/Src/stm32f3xx_it.o
                0x0000000008000b08                TIM4_IRQHandler
 .text.SystemInit
                0x0000000008000b20       0x24 ./Core/Src/system_stm32f3xx.o
                0x0000000008000b20                SystemInit
 .text.MX_TIM2_Init
                0x0000000008000b44      0x104 ./Core/Src/tim.o
                0x0000000008000b44                MX_TIM2_Init
 .text.MX_TIM3_Init
                0x0000000008000c48      0x104 ./Core/Src/tim.o
                0x0000000008000c48                MX_TIM3_Init
 .text.MX_TIM4_Init
                0x0000000008000d4c       0xd8 ./Core/Src/tim.o
                0x0000000008000d4c                MX_TIM4_Init
 .text.MX_TIM16_Init
                0x0000000008000e24       0xec ./Core/Src/tim.o
                0x0000000008000e24                MX_TIM16_Init
 .text.HAL_TIM_Base_MspInit
                0x0000000008000f10       0xc4 ./Core/Src/tim.o
                0x0000000008000f10                HAL_TIM_Base_MspInit
 .text.HAL_TIM_PWM_MspInit
                0x0000000008000fd4       0x40 ./Core/Src/tim.o
                0x0000000008000fd4                HAL_TIM_PWM_MspInit
 .text.HAL_TIM_IC_MspInit
                0x0000000008001014      0x130 ./Core/Src/tim.o
                0x0000000008001014                HAL_TIM_IC_MspInit
 .text.HAL_TIM_MspPostInit
                0x0000000008001144      0x12c ./Core/Src/tim.o
                0x0000000008001144                HAL_TIM_MspPostInit
 .text.MX_USART1_UART_Init
                0x0000000008001270       0x60 ./Core/Src/usart.o
                0x0000000008001270                MX_USART1_UART_Init
 .text.HAL_UART_MspInit
                0x00000000080012d0       0x88 ./Core/Src/usart.o
                0x00000000080012d0                HAL_UART_MspInit
 .text.sm_bypass_sw
                0x0000000008001358       0xc0 ./Core/Src/lib/sm_bypass.o
                0x0000000008001358                sm_bypass_sw
 .text.sm_effect
                0x0000000008001418       0x4e ./Core/Src/lib/sm_bypass.o
                0x0000000008001418                sm_effect
 *fill*         0x0000000008001466        0x2 
 .text.sm_relay_mute
                0x0000000008001468      0x1ac ./Core/Src/lib/sm_bypass.o
                0x0000000008001468                sm_relay_mute
 .text.Reset_Handler
                0x0000000008001614       0x50 ./Core/Startup/startup_stm32f303retx.o
                0x0000000008001614                Reset_Handler
 .text.Default_Handler
                0x0000000008001664        0x2 ./Core/Startup/startup_stm32f303retx.o
                0x0000000008001664                RTC_Alarm_IRQHandler
                0x0000000008001664                TIM8_TRG_COM_IRQHandler
                0x0000000008001664                TIM8_CC_IRQHandler
                0x0000000008001664                SPI4_IRQHandler
                0x0000000008001664                TIM1_CC_IRQHandler
                0x0000000008001664                USB_HP_IRQHandler
                0x0000000008001664                PVD_IRQHandler
                0x0000000008001664                TAMP_STAMP_IRQHandler
                0x0000000008001664                EXTI3_IRQHandler
                0x0000000008001664                I2C3_ER_IRQHandler
                0x0000000008001664                USB_HP_CAN_TX_IRQHandler
                0x0000000008001664                EXTI0_IRQHandler
                0x0000000008001664                I2C2_EV_IRQHandler
                0x0000000008001664                FPU_IRQHandler
                0x0000000008001664                TIM1_UP_TIM16_IRQHandler
                0x0000000008001664                ADC1_2_IRQHandler
                0x0000000008001664                SPI1_IRQHandler
                0x0000000008001664                CAN_SCE_IRQHandler
                0x0000000008001664                TIM6_DAC_IRQHandler
                0x0000000008001664                TIM8_UP_IRQHandler
                0x0000000008001664                DMA2_Channel2_IRQHandler
                0x0000000008001664                TIM20_TRG_COM_IRQHandler
                0x0000000008001664                USART3_IRQHandler
                0x0000000008001664                DMA1_Channel7_IRQHandler
                0x0000000008001664                UART5_IRQHandler
                0x0000000008001664                ADC3_IRQHandler
                0x0000000008001664                CAN_RX1_IRQHandler
                0x0000000008001664                DMA2_Channel1_IRQHandler
                0x0000000008001664                I2C1_EV_IRQHandler
                0x0000000008001664                DMA1_Channel6_IRQHandler
                0x0000000008001664                UART4_IRQHandler
                0x0000000008001664                DMA2_Channel4_IRQHandler
                0x0000000008001664                TIM3_IRQHandler
                0x0000000008001664                RCC_IRQHandler
                0x0000000008001664                TIM20_UP_IRQHandler
                0x0000000008001664                Default_Handler
                0x0000000008001664                USBWakeUp_RMP_IRQHandler
                0x0000000008001664                EXTI15_10_IRQHandler
                0x0000000008001664                TIM7_IRQHandler
                0x0000000008001664                I2C3_EV_IRQHandler
                0x0000000008001664                EXTI9_5_IRQHandler
                0x0000000008001664                RTC_WKUP_IRQHandler
                0x0000000008001664                SPI2_IRQHandler
                0x0000000008001664                USB_LP_CAN_RX0_IRQHandler
                0x0000000008001664                DMA2_Channel5_IRQHandler
                0x0000000008001664                DMA1_Channel5_IRQHandler
                0x0000000008001664                USB_LP_IRQHandler
                0x0000000008001664                EXTI4_IRQHandler
                0x0000000008001664                TIM1_TRG_COM_TIM17_IRQHandler
                0x0000000008001664                ADC4_IRQHandler
                0x0000000008001664                WWDG_IRQHandler
                0x0000000008001664                TIM2_IRQHandler
                0x0000000008001664                COMP7_IRQHandler
                0x0000000008001664                COMP1_2_3_IRQHandler
                0x0000000008001664                EXTI1_IRQHandler
                0x0000000008001664                USART2_IRQHandler
                0x0000000008001664                COMP4_5_6_IRQHandler
                0x0000000008001664                TIM20_BRK_IRQHandler
                0x0000000008001664                I2C2_ER_IRQHandler
                0x0000000008001664                DMA1_Channel2_IRQHandler
                0x0000000008001664                TIM8_BRK_IRQHandler
                0x0000000008001664                FLASH_IRQHandler
                0x0000000008001664                TIM20_CC_IRQHandler
                0x0000000008001664                USART1_IRQHandler
                0x0000000008001664                SPI3_IRQHandler
                0x0000000008001664                I2C1_ER_IRQHandler
                0x0000000008001664                FMC_IRQHandler
                0x0000000008001664                USBWakeUp_IRQHandler
                0x0000000008001664                DMA2_Channel3_IRQHandler
                0x0000000008001664                EXTI2_TSC_IRQHandler
                0x0000000008001664                TIM1_BRK_TIM15_IRQHandler
 *fill*         0x0000000008001666        0x2 
 .text.HAL_Init
                0x0000000008001668       0x2c ./Drivers/STM32F3xx_HAL_Driver/Src/stm32f3xx_hal.o
                0x0000000008001668                HAL_Init
 .text.HAL_InitTick
                0x0000000008001694       0x60 ./Drivers/STM32F3xx_HAL_Driver/Src/stm32f3xx_hal.o
                0x0000000008001694                HAL_InitTick
 .text.HAL_IncTick
                0x00000000080016f4       0x28 ./Drivers/STM32F3xx_HAL_Driver/Src/stm32f3xx_hal.o
                0x00000000080016f4                HAL_IncTick
 .text.HAL_GetTick
                0x000000000800171c       0x18 ./Drivers/STM32F3xx_HAL_Driver/Src/stm32f3xx_hal.o
                0x000000000800171c                HAL_GetTick
 .text.HAL_ADC_ConvHalfCpltCallback
                0x0000000008001734       0x14 ./Drivers/STM32F3xx_HAL_Driver/Src/stm32f3xx_hal_adc.o
                0x0000000008001734                HAL_ADC_ConvHalfCpltCallback
 .text.HAL_ADC_ErrorCallback
                0x0000000008001748       0x14 ./Drivers/STM32F3xx_HAL_Driver/Src/stm32f3xx_hal_adc.o
                0x0000000008001748                HAL_ADC_ErrorCallback
 .text.HAL_ADC_Init
                0x000000000800175c      0x3f4 ./Drivers/STM32F3xx_HAL_Driver/Src/stm32f3xx_hal_adc_ex.o
                0x000000000800175c                HAL_ADC_Init
 .text.HAL_ADC_Start_DMA
                0x0000000008001b50      0x238 ./Drivers/STM32F3xx_HAL_Driver/Src/stm32f3xx_hal_adc_ex.o
                0x0000000008001b50                HAL_ADC_Start_DMA
 .text.HAL_ADC_ConfigChannel
                0x0000000008001d88      0x5d8 ./Drivers/STM32F3xx_HAL_Driver/Src/stm32f3xx_hal_adc_ex.o
                0x0000000008001d88                HAL_ADC_ConfigChannel
 .text.HAL_ADCEx_MultiModeConfigChannel
                0x0000000008002360      0x1e4 ./Drivers/STM32F3xx_HAL_Driver/Src/stm32f3xx_hal_adc_ex.o
                0x0000000008002360                HAL_ADCEx_MultiModeConfigChannel
 .text.ADC_DMAConvCplt
                0x0000000008002544       0x7a ./Drivers/STM32F3xx_HAL_Driver/Src/stm32f3xx_hal_adc_ex.o
 .text.ADC_DMAHalfConvCplt
                0x00000000080025be       0x1c ./Drivers/STM32F3xx_HAL_Driver/Src/stm32f3xx_hal_adc_ex.o
 .text.ADC_DMAError
                0x00000000080025da       0x34 ./Drivers/STM32F3xx_HAL_Driver/Src/stm32f3xx_hal_adc_ex.o
 *fill*         0x000000000800260e        0x2 
 .text.ADC_Enable
                0x0000000008002610       0xc8 ./Drivers/STM32F3xx_HAL_Driver/Src/stm32f3xx_hal_adc_ex.o
 .text.ADC_Disable
                0x00000000080026d8       0xcc ./Drivers/STM32F3xx_HAL_Driver/Src/stm32f3xx_hal_adc_ex.o
 .text.__NVIC_SetPriorityGrouping
                0x00000000080027a4       0x48 ./Drivers/STM32F3xx_HAL_Driver/Src/stm32f3xx_hal_cortex.o
 .text.__NVIC_GetPriorityGrouping
                0x00000000080027ec       0x1c ./Drivers/STM32F3xx_HAL_Driver/Src/stm32f3xx_hal_cortex.o
 .text.__NVIC_EnableIRQ
                0x0000000008002808       0x3c ./Drivers/STM32F3xx_HAL_Driver/Src/stm32f3xx_hal_cortex.o
 .text.__NVIC_SetPriority
                0x0000000008002844       0x54 ./Drivers/STM32F3xx_HAL_Driver/Src/stm32f3xx_hal_cortex.o
 .text.NVIC_EncodePriority
                0x0000000008002898       0x66 ./Drivers/STM32F3xx_HAL_Driver/Src/stm32f3xx_hal_cortex.o
 *fill*         0x00000000080028fe        0x2 
 .text.SysTick_Config
                0x0000000008002900       0x44 ./Drivers/STM32F3xx_HAL_Driver/Src/stm32f3xx_hal_cortex.o
 .text.HAL_NVIC_SetPriorityGrouping
                0x0000000008002944       0x16 ./Drivers/STM32F3xx_HAL_Driver/Src/stm32f3xx_hal_cortex.o
                0x0000000008002944                HAL_NVIC_SetPriorityGrouping
 .text.HAL_NVIC_SetPriority
                0x000000000800295a       0x38 ./Drivers/STM32F3xx_HAL_Driver/Src/stm32f3xx_hal_cortex.o
                0x000000000800295a                HAL_NVIC_SetPriority
 .text.HAL_NVIC_EnableIRQ
                0x0000000008002992       0x1c ./Drivers/STM32F3xx_HAL_Driver/Src/stm32f3xx_hal_cortex.o
                0x0000000008002992                HAL_NVIC_EnableIRQ
 .text.HAL_SYSTICK_Config
                0x00000000080029ae       0x18 ./Drivers/STM32F3xx_HAL_Driver/Src/stm32f3xx_hal_cortex.o
                0x00000000080029ae                HAL_SYSTICK_Config
 .text.HAL_DMA_Init
                0x00000000080029c6       0x8e ./Drivers/STM32F3xx_HAL_Driver/Src/stm32f3xx_hal_dma.o
                0x00000000080029c6                HAL_DMA_Init
 .text.HAL_DMA_Start_IT
                0x0000000008002a54       0xbe ./Drivers/STM32F3xx_HAL_Driver/Src/stm32f3xx_hal_dma.o
                0x0000000008002a54                HAL_DMA_Start_IT
 .text.HAL_DMA_IRQHandler
                0x0000000008002b12      0x146 ./Drivers/STM32F3xx_HAL_Driver/Src/stm32f3xx_hal_dma.o
                0x0000000008002b12                HAL_DMA_IRQHandler
 .text.DMA_SetConfig
                0x0000000008002c58       0x5c ./Drivers/STM32F3xx_HAL_Driver/Src/stm32f3xx_hal_dma.o
 .text.DMA_CalcBaseAndBitshift
                0x0000000008002cb4       0x78 ./Drivers/STM32F3xx_HAL_Driver/Src/stm32f3xx_hal_dma.o
 .text.HAL_GPIO_Init
                0x0000000008002d2c      0x314 ./Drivers/STM32F3xx_HAL_Driver/Src/stm32f3xx_hal_gpio.o
                0x0000000008002d2c                HAL_GPIO_Init
 .text.HAL_GPIO_ReadPin
                0x0000000008003040       0x30 ./Drivers/STM32F3xx_HAL_Driver/Src/stm32f3xx_hal_gpio.o
                0x0000000008003040                HAL_GPIO_ReadPin
 .text.HAL_GPIO_WritePin
                0x0000000008003070       0x30 ./Drivers/STM32F3xx_HAL_Driver/Src/stm32f3xx_hal_gpio.o
                0x0000000008003070                HAL_GPIO_WritePin
 .text.HAL_GPIO_TogglePin
                0x00000000080030a0       0x34 ./Drivers/STM32F3xx_HAL_Driver/Src/stm32f3xx_hal_gpio.o
                0x00000000080030a0                HAL_GPIO_TogglePin
 .text.HAL_RCC_OscConfig
                0x00000000080030d4     0x10a8 ./Drivers/STM32F3xx_HAL_Driver/Src/stm32f3xx_hal_rcc.o
                0x00000000080030d4                HAL_RCC_OscConfig
 .text.HAL_RCC_ClockConfig
                0x000000000800417c      0x2f8 ./Drivers/STM32F3xx_HAL_Driver/Src/stm32f3xx_hal_rcc.o
                0x000000000800417c                HAL_RCC_ClockConfig
 .text.HAL_RCC_GetSysClockFreq
                0x0000000008004474       0xd4 ./Drivers/STM32F3xx_HAL_Driver/Src/stm32f3xx_hal_rcc.o
                0x0000000008004474                HAL_RCC_GetSysClockFreq
 .text.HAL_RCC_GetHCLKFreq
                0x0000000008004548       0x18 ./Drivers/STM32F3xx_HAL_Driver/Src/stm32f3xx_hal_rcc.o
                0x0000000008004548                HAL_RCC_GetHCLKFreq
 .text.HAL_RCC_GetPCLK1Freq
                0x0000000008004560       0x44 ./Drivers/STM32F3xx_HAL_Driver/Src/stm32f3xx_hal_rcc.o
                0x0000000008004560                HAL_RCC_GetPCLK1Freq
 .text.HAL_RCC_GetPCLK2Freq
                0x00000000080045a4       0x44 ./Drivers/STM32F3xx_HAL_Driver/Src/stm32f3xx_hal_rcc.o
                0x00000000080045a4                HAL_RCC_GetPCLK2Freq
 .text.HAL_RCCEx_PeriphCLKConfig
                0x00000000080045e8      0x43c ./Drivers/STM32F3xx_HAL_Driver/Src/stm32f3xx_hal_rcc_ex.o
                0x00000000080045e8                HAL_RCCEx_PeriphCLKConfig
 .text.HAL_TIM_Base_Init
                0x0000000008004a24       0xae ./Drivers/STM32F3xx_HAL_Driver/Src/stm32f3xx_hal_tim.o
                0x0000000008004a24                HAL_TIM_Base_Init
 .text.HAL_TIM_OC_Init
                0x0000000008004ad2       0xae ./Drivers/STM32F3xx_HAL_Driver/Src/stm32f3xx_hal_tim.o
                0x0000000008004ad2                HAL_TIM_OC_Init
 .text.HAL_TIM_OC_MspInit
                0x0000000008004b80       0x14 ./Drivers/STM32F3xx_HAL_Driver/Src/stm32f3xx_hal_tim.o
                0x0000000008004b80                HAL_TIM_OC_MspInit
 .text.HAL_TIM_OC_Start
                0x0000000008004b94      0x218 ./Drivers/STM32F3xx_HAL_Driver/Src/stm32f3xx_hal_tim.o
                0x0000000008004b94                HAL_TIM_OC_Start
 .text.HAL_TIM_PWM_Init
                0x0000000008004dac       0xae ./Drivers/STM32F3xx_HAL_Driver/Src/stm32f3xx_hal_tim.o
                0x0000000008004dac                HAL_TIM_PWM_Init
 *fill*         0x0000000008004e5a        0x2 
 .text.HAL_TIM_PWM_Start
                0x0000000008004e5c      0x218 ./Drivers/STM32F3xx_HAL_Driver/Src/stm32f3xx_hal_tim.o
                0x0000000008004e5c                HAL_TIM_PWM_Start
 .text.HAL_TIM_IC_Init
                0x0000000008005074       0xae ./Drivers/STM32F3xx_HAL_Driver/Src/stm32f3xx_hal_tim.o
                0x0000000008005074                HAL_TIM_IC_Init
 .text.HAL_TIM_IRQHandler
                0x0000000008005122      0x23e ./Drivers/STM32F3xx_HAL_Driver/Src/stm32f3xx_hal_tim.o
                0x0000000008005122                HAL_TIM_IRQHandler
 .text.HAL_TIM_OC_ConfigChannel
                0x0000000008005360       0xf4 ./Drivers/STM32F3xx_HAL_Driver/Src/stm32f3xx_hal_tim.o
                0x0000000008005360                HAL_TIM_OC_ConfigChannel
 .text.HAL_TIM_IC_ConfigChannel
                0x0000000008005454      0x138 ./Drivers/STM32F3xx_HAL_Driver/Src/stm32f3xx_hal_tim.o
                0x0000000008005454                HAL_TIM_IC_ConfigChannel
 .text.HAL_TIM_PWM_ConfigChannel
                0x000000000800558c      0x228 ./Drivers/STM32F3xx_HAL_Driver/Src/stm32f3xx_hal_tim.o
                0x000000000800558c                HAL_TIM_PWM_ConfigChannel
 .text.HAL_TIM_ConfigClockSource
                0x00000000080057b4      0x192 ./Drivers/STM32F3xx_HAL_Driver/Src/stm32f3xx_hal_tim.o
                0x00000000080057b4                HAL_TIM_ConfigClockSource
 .text.HAL_TIM_PeriodElapsedCallback
                0x0000000008005946       0x14 ./Drivers/STM32F3xx_HAL_Driver/Src/stm32f3xx_hal_tim.o
                0x0000000008005946                HAL_TIM_PeriodElapsedCallback
 .text.HAL_TIM_OC_DelayElapsedCallback
                0x000000000800595a       0x14 ./Drivers/STM32F3xx_HAL_Driver/Src/stm32f3xx_hal_tim.o
                0x000000000800595a                HAL_TIM_OC_DelayElapsedCallback
 .text.HAL_TIM_PWM_PulseFinishedCallback
                0x000000000800596e       0x14 ./Drivers/STM32F3xx_HAL_Driver/Src/stm32f3xx_hal_tim.o
                0x000000000800596e                HAL_TIM_PWM_PulseFinishedCallback
 .text.HAL_TIM_TriggerCallback
                0x0000000008005982       0x14 ./Drivers/STM32F3xx_HAL_Driver/Src/stm32f3xx_hal_tim.o
                0x0000000008005982                HAL_TIM_TriggerCallback
 *fill*         0x0000000008005996        0x2 
 .text.TIM_Base_SetConfig
                0x0000000008005998      0x13c ./Drivers/STM32F3xx_HAL_Driver/Src/stm32f3xx_hal_tim.o
                0x0000000008005998                TIM_Base_SetConfig
 .text.TIM_OC1_SetConfig
                0x0000000008005ad4      0x134 ./Drivers/STM32F3xx_HAL_Driver/Src/stm32f3xx_hal_tim.o
 .text.TIM_OC2_SetConfig
                0x0000000008005c08      0x128 ./Drivers/STM32F3xx_HAL_Driver/Src/stm32f3xx_hal_tim.o
                0x0000000008005c08                TIM_OC2_SetConfig
 .text.TIM_OC3_SetConfig
                0x0000000008005d30      0x124 ./Drivers/STM32F3xx_HAL_Driver/Src/stm32f3xx_hal_tim.o
 .text.TIM_OC4_SetConfig
                0x0000000008005e54       0xe0 ./Drivers/STM32F3xx_HAL_Driver/Src/stm32f3xx_hal_tim.o
 .text.TIM_OC5_SetConfig
                0x0000000008005f34       0xd4 ./Drivers/STM32F3xx_HAL_Driver/Src/stm32f3xx_hal_tim.o
 .text.TIM_OC6_SetConfig
                0x0000000008006008       0xd8 ./Drivers/STM32F3xx_HAL_Driver/Src/stm32f3xx_hal_tim.o
 .text.TIM_TI1_SetConfig
                0x00000000080060e0       0xdc ./Drivers/STM32F3xx_HAL_Driver/Src/stm32f3xx_hal_tim.o
                0x00000000080060e0                TIM_TI1_SetConfig
 .text.TIM_TI1_ConfigInputStage
                0x00000000080061bc       0x5e ./Drivers/STM32F3xx_HAL_Driver/Src/stm32f3xx_hal_tim.o
 .text.TIM_TI2_SetConfig
                0x000000000800621a       0x7a ./Drivers/STM32F3xx_HAL_Driver/Src/stm32f3xx_hal_tim.o
 .text.TIM_TI2_ConfigInputStage
                0x0000000008006294       0x60 ./Drivers/STM32F3xx_HAL_Driver/Src/stm32f3xx_hal_tim.o
 .text.TIM_TI3_SetConfig
                0x00000000080062f4       0x78 ./Drivers/STM32F3xx_HAL_Driver/Src/stm32f3xx_hal_tim.o
 .text.TIM_TI4_SetConfig
                0x000000000800636c       0x7a ./Drivers/STM32F3xx_HAL_Driver/Src/stm32f3xx_hal_tim.o
 .text.TIM_ITRx_SetConfig
                0x00000000080063e6       0x36 ./Drivers/STM32F3xx_HAL_Driver/Src/stm32f3xx_hal_tim.o
 .text.TIM_ETR_SetConfig
                0x000000000800641c       0x40 ./Drivers/STM32F3xx_HAL_Driver/Src/stm32f3xx_hal_tim.o
                0x000000000800641c                TIM_ETR_SetConfig
 .text.TIM_CCxChannelCmd
                0x000000000800645c       0x4a ./Drivers/STM32F3xx_HAL_Driver/Src/stm32f3xx_hal_tim.o
                0x000000000800645c                TIM_CCxChannelCmd
 *fill*         0x00000000080064a6        0x2 
 .text.HAL_TIMEx_MasterConfigSynchronization
                0x00000000080064a8      0x118 ./Drivers/STM32F3xx_HAL_Driver/Src/stm32f3xx_hal_tim_ex.o
                0x00000000080064a8                HAL_TIMEx_MasterConfigSynchronization
 .text.HAL_TIMEx_ConfigBreakDeadTime
                0x00000000080065c0      0x10c ./Drivers/STM32F3xx_HAL_Driver/Src/stm32f3xx_hal_tim_ex.o
                0x00000000080065c0                HAL_TIMEx_ConfigBreakDeadTime
 .text.HAL_TIMEx_CommutCallback
                0x00000000080066cc       0x14 ./Drivers/STM32F3xx_HAL_Driver/Src/stm32f3xx_hal_tim_ex.o
                0x00000000080066cc                HAL_TIMEx_CommutCallback
 .text.HAL_TIMEx_BreakCallback
                0x00000000080066e0       0x14 ./Drivers/STM32F3xx_HAL_Driver/Src/stm32f3xx_hal_tim_ex.o
                0x00000000080066e0                HAL_TIMEx_BreakCallback
 .text.HAL_TIMEx_Break2Callback
                0x00000000080066f4       0x14 ./Drivers/STM32F3xx_HAL_Driver/Src/stm32f3xx_hal_tim_ex.o
                0x00000000080066f4                HAL_TIMEx_Break2Callback
 .text.HAL_UART_Init
                0x0000000008006708       0x9c ./Drivers/STM32F3xx_HAL_Driver/Src/stm32f3xx_hal_uart.o
                0x0000000008006708                HAL_UART_Init
 .text.UART_SetConfig
                0x00000000080067a4      0x3ac ./Drivers/STM32F3xx_HAL_Driver/Src/stm32f3xx_hal_uart.o
                0x00000000080067a4                UART_SetConfig
 .text.UART_AdvFeatureConfig
                0x0000000008006b50      0x144 ./Drivers/STM32F3xx_HAL_Driver/Src/stm32f3xx_hal_uart.o
                0x0000000008006b50                UART_AdvFeatureConfig
 .text.UART_CheckIdleState
                0x0000000008006c94       0x92 ./Drivers/STM32F3xx_HAL_Driver/Src/stm32f3xx_hal_uart.o
                0x0000000008006c94                UART_CheckIdleState
 .text.UART_WaitOnFlagUntilTimeout
                0x0000000008006d26      0x188 ./Drivers/STM32F3xx_HAL_Driver/Src/stm32f3xx_hal_uart.o
                0x0000000008006d26                UART_WaitOnFlagUntilTimeout
 *fill*         0x0000000008006eae        0x2 
 .text.__libc_init_array
                0x0000000008006eb0       0x48 c:/program files/stm32cubeide_1.10.1/stm32cubeide/plugins/com.st.stm32cube.ide.mcu.externaltools.gnu-tools-for-stm32.10.3-2021.10.win32_1.0.0.202111181127/tools/bin/../lib/gcc/arm-none-eabi/10.3.1/../../../../arm-none-eabi/lib/thumb/v7e-m+fp/hard\libc_nano.a(lib_a-init.o)
                0x0000000008006eb0                __libc_init_array
 .text.memset   0x0000000008006ef8       0x10 c:/program files/stm32cubeide_1.10.1/stm32cubeide/plugins/com.st.stm32cube.ide.mcu.externaltools.gnu-tools-for-stm32.10.3-2021.10.win32_1.0.0.202111181127/tools/bin/../lib/gcc/arm-none-eabi/10.3.1/../../../../arm-none-eabi/lib/thumb/v7e-m+fp/hard\libc_nano.a(lib_a-memset.o)
                0x0000000008006ef8                memset
 *(.glue_7)
 .glue_7        0x0000000008006f08        0x0 linker stubs
 *(.glue_7t)
 .glue_7t       0x0000000008006f08        0x0 linker stubs
 *(.eh_frame)
 .eh_frame      0x0000000008006f08        0x0 c:/program files/stm32cubeide_1.10.1/stm32cubeide/plugins/com.st.stm32cube.ide.mcu.externaltools.gnu-tools-for-stm32.10.3-2021.10.win32_1.0.0.202111181127/tools/bin/../lib/gcc/arm-none-eabi/10.3.1/thumb/v7e-m+fp/hard/crtbegin.o
 *(.init)
 .init          0x0000000008006f08        0x4 c:/program files/stm32cubeide_1.10.1/stm32cubeide/plugins/com.st.stm32cube.ide.mcu.externaltools.gnu-tools-for-stm32.10.3-2021.10.win32_1.0.0.202111181127/tools/bin/../lib/gcc/arm-none-eabi/10.3.1/thumb/v7e-m+fp/hard/crti.o
                0x0000000008006f08                _init
 .init          0x0000000008006f0c        0x8 c:/program files/stm32cubeide_1.10.1/stm32cubeide/plugins/com.st.stm32cube.ide.mcu.externaltools.gnu-tools-for-stm32.10.3-2021.10.win32_1.0.0.202111181127/tools/bin/../lib/gcc/arm-none-eabi/10.3.1/thumb/v7e-m+fp/hard/crtn.o
 *(.fini)
 .fini          0x0000000008006f14        0x4 c:/program files/stm32cubeide_1.10.1/stm32cubeide/plugins/com.st.stm32cube.ide.mcu.externaltools.gnu-tools-for-stm32.10.3-2021.10.win32_1.0.0.202111181127/tools/bin/../lib/gcc/arm-none-eabi/10.3.1/thumb/v7e-m+fp/hard/crti.o
                0x0000000008006f14                _fini
 .fini          0x0000000008006f18        0x8 c:/program files/stm32cubeide_1.10.1/stm32cubeide/plugins/com.st.stm32cube.ide.mcu.externaltools.gnu-tools-for-stm32.10.3-2021.10.win32_1.0.0.202111181127/tools/bin/../lib/gcc/arm-none-eabi/10.3.1/thumb/v7e-m+fp/hard/crtn.o
                0x0000000008006f20                . = ALIGN (0x4)
                0x0000000008006f20                _etext = .

.vfp11_veneer   0x0000000008006f20        0x0
 .vfp11_veneer  0x0000000008006f20        0x0 linker stubs

.v4_bx          0x0000000008006f20        0x0
 .v4_bx         0x0000000008006f20        0x0 linker stubs

.iplt           0x0000000008006f20        0x0
 .iplt          0x0000000008006f20        0x0 c:/program files/stm32cubeide_1.10.1/stm32cubeide/plugins/com.st.stm32cube.ide.mcu.externaltools.gnu-tools-for-stm32.10.3-2021.10.win32_1.0.0.202111181127/tools/bin/../lib/gcc/arm-none-eabi/10.3.1/thumb/v7e-m+fp/hard/crtbegin.o

.rodata         0x0000000008006f20       0x38
                0x0000000008006f20                . = ALIGN (0x4)
 *(.rodata)
 *(.rodata*)
 .rodata.AHBPrescTable
                0x0000000008006f20       0x10 ./Core/Src/system_stm32f3xx.o
                0x0000000008006f20                AHBPrescTable
 .rodata.APBPrescTable
                0x0000000008006f30        0x8 ./Core/Src/system_stm32f3xx.o
                0x0000000008006f30                APBPrescTable
 .rodata.aPLLMULFactorTable
                0x0000000008006f38       0x10 ./Drivers/STM32F3xx_HAL_Driver/Src/stm32f3xx_hal_rcc.o
                0x0000000008006f38                aPLLMULFactorTable
 .rodata.aPredivFactorTable
                0x0000000008006f48       0x10 ./Drivers/STM32F3xx_HAL_Driver/Src/stm32f3xx_hal_rcc.o
                0x0000000008006f48                aPredivFactorTable
                0x0000000008006f58                . = ALIGN (0x4)

.rel.dyn        0x0000000008006f58        0x0
 .rel.iplt      0x0000000008006f58        0x0 c:/program files/stm32cubeide_1.10.1/stm32cubeide/plugins/com.st.stm32cube.ide.mcu.externaltools.gnu-tools-for-stm32.10.3-2021.10.win32_1.0.0.202111181127/tools/bin/../lib/gcc/arm-none-eabi/10.3.1/thumb/v7e-m+fp/hard/crtbegin.o

.ARM.extab      0x0000000008006f58        0x0
                0x0000000008006f58                . = ALIGN (0x4)
 *(.ARM.extab* .gnu.linkonce.armextab.*)
                0x0000000008006f58                . = ALIGN (0x4)

.ARM            0x0000000008006f58        0x0
                0x0000000008006f58                . = ALIGN (0x4)
                0x0000000008006f58                __exidx_start = .
 *(.ARM.exidx*)
                0x0000000008006f58                __exidx_end = .
                0x0000000008006f58                . = ALIGN (0x4)

.preinit_array  0x0000000008006f58        0x0
                0x0000000008006f58                . = ALIGN (0x4)
                0x0000000008006f58                PROVIDE (__preinit_array_start = .)
 *(.preinit_array*)
                0x0000000008006f58                PROVIDE (__preinit_array_end = .)
                0x0000000008006f58                . = ALIGN (0x4)

.init_array     0x0000000008006f58        0x4
                0x0000000008006f58                . = ALIGN (0x4)
                0x0000000008006f58                PROVIDE (__init_array_start = .)
 *(SORT_BY_NAME(.init_array.*))
 *(.init_array*)
 .init_array    0x0000000008006f58        0x4 c:/program files/stm32cubeide_1.10.1/stm32cubeide/plugins/com.st.stm32cube.ide.mcu.externaltools.gnu-tools-for-stm32.10.3-2021.10.win32_1.0.0.202111181127/tools/bin/../lib/gcc/arm-none-eabi/10.3.1/thumb/v7e-m+fp/hard/crtbegin.o
                0x0000000008006f5c                PROVIDE (__init_array_end = .)
                0x0000000008006f5c                . = ALIGN (0x4)

.fini_array     0x0000000008006f5c        0x4
                0x0000000008006f5c                . = ALIGN (0x4)
                [!provide]                        PROVIDE (__fini_array_start = .)
 *(SORT_BY_NAME(.fini_array.*))
 *(.fini_array*)
 .fini_array    0x0000000008006f5c        0x4 c:/program files/stm32cubeide_1.10.1/stm32cubeide/plugins/com.st.stm32cube.ide.mcu.externaltools.gnu-tools-for-stm32.10.3-2021.10.win32_1.0.0.202111181127/tools/bin/../lib/gcc/arm-none-eabi/10.3.1/thumb/v7e-m+fp/hard/crtbegin.o
                [!provide]                        PROVIDE (__fini_array_end = .)
                0x0000000008006f60                . = ALIGN (0x4)
                0x0000000008006f60                _sidata = LOADADDR (.data)

.data           0x0000000020000000        0xc load address 0x0000000008006f60
                0x0000000020000000                . = ALIGN (0x4)
                0x0000000020000000                _sdata = .
 *(.data)
 *(.data*)
 .data.SystemCoreClock
                0x0000000020000000        0x4 ./Core/Src/system_stm32f3xx.o
                0x0000000020000000                SystemCoreClock
 .data.uwTickPrio
                0x0000000020000004        0x4 ./Drivers/STM32F3xx_HAL_Driver/Src/stm32f3xx_hal.o
                0x0000000020000004                uwTickPrio
 .data.uwTickFreq
                0x0000000020000008        0x1 ./Drivers/STM32F3xx_HAL_Driver/Src/stm32f3xx_hal.o
                0x0000000020000008                uwTickFreq
 *(.RamFunc)
 *(.RamFunc*)
                0x000000002000000c                . = ALIGN (0x4)
 *fill*         0x0000000020000009        0x3 
                0x000000002000000c                _edata = .
                0x0000000008006f6c                _siccmram = LOADADDR (.ccmram)

.igot.plt       0x000000002000000c        0x0 load address 0x0000000008006f6c
 .igot.plt      0x000000002000000c        0x0 c:/program files/stm32cubeide_1.10.1/stm32cubeide/plugins/com.st.stm32cube.ide.mcu.externaltools.gnu-tools-for-stm32.10.3-2021.10.win32_1.0.0.202111181127/tools/bin/../lib/gcc/arm-none-eabi/10.3.1/thumb/v7e-m+fp/hard/crtbegin.o

.ccmram         0x0000000010000000        0x0 load address 0x0000000008006f6c
                0x0000000010000000                . = ALIGN (0x4)
                0x0000000010000000                _sccmram = .
 *(.ccmram)
 *(.ccmram*)
                0x0000000010000000                . = ALIGN (0x4)
                0x0000000010000000                _eccmram = .
                0x0000000010000000                . = ALIGN (0x4)

.bss            0x000000002000000c      0xafc
                0x000000002000000c                _sbss = .
                0x000000002000000c                __bss_start__ = _sbss
 *(.bss)
 .bss           0x000000002000000c       0x1c c:/program files/stm32cubeide_1.10.1/stm32cubeide/plugins/com.st.stm32cube.ide.mcu.externaltools.gnu-tools-for-stm32.10.3-2021.10.win32_1.0.0.202111181127/tools/bin/../lib/gcc/arm-none-eabi/10.3.1/thumb/v7e-m+fp/hard/crtbegin.o
 *(.bss*)
 .bss.hadc1     0x0000000020000028       0x50 ./Core/Src/adc.o
                0x0000000020000028                hadc1
 .bss.hdma_adc1
                0x0000000020000078       0x44 ./Core/Src/adc.o
                0x0000000020000078                hdma_adc1
 .bss.dma_wavetable
                0x00000000200000bc      0x800 ./Core/Src/main.o
                0x00000000200000bc                dma_wavetable
 .bss.last_toggle_ms.0
                0x00000000200008bc        0x4 ./Core/Src/main.o
 .bss.htim2     0x00000000200008c0       0x4c ./Core/Src/tim.o
                0x00000000200008c0                htim2
 .bss.htim3     0x000000002000090c       0x4c ./Core/Src/tim.o
                0x000000002000090c                htim3
 .bss.htim4     0x0000000020000958       0x4c ./Core/Src/tim.o
                0x0000000020000958                htim4
 .bss.htim16    0x00000000200009a4       0x4c ./Core/Src/tim.o
                0x00000000200009a4                htim16
 .bss.hdma_tim4_ch2
                0x00000000200009f0       0x44 ./Core/Src/tim.o
                0x00000000200009f0                hdma_tim4_ch2
 .bss.hdma_tim16_ch1_up
                0x0000000020000a34       0x44 ./Core/Src/tim.o
                0x0000000020000a34                hdma_tim16_ch1_up
 .bss.huart1    0x0000000020000a78       0x84 ./Core/Src/usart.o
                0x0000000020000a78                huart1
 .bss.debounce_start.1
                0x0000000020000afc        0x4 ./Core/Src/lib/sm_bypass.o
 .bss.mute_start.0
                0x0000000020000b00        0x4 ./Core/Src/lib/sm_bypass.o
 .bss.uwTick    0x0000000020000b04        0x4 ./Drivers/STM32F3xx_HAL_Driver/Src/stm32f3xx_hal.o
                0x0000000020000b04                uwTick
 *(COMMON)
                0x0000000020000b08                . = ALIGN (0x4)
                0x0000000020000b08                _ebss = .
                0x0000000020000b08                __bss_end__ = _ebss

._user_heap_stack
                0x0000000020000b08      0x600
                0x0000000020000b08                . = ALIGN (0x8)
                [!provide]                        PROVIDE (end = .)
                0x0000000020000b08                PROVIDE (_end = .)
                0x0000000020000d08                . = (. + _Min_Heap_Size)
 *fill*         0x0000000020000b08      0x200 
                0x0000000020001108                . = (. + _Min_Stack_Size)
 *fill*         0x0000000020000d08      0x400 
                0x0000000020001108                . = ALIGN (0x8)

/DISCARD/
 libc.a(*)
 libm.a(*)
 libgcc.a(*)

.ARM.attributes
                0x0000000000000000       0x30
 *(.ARM.attributes)
 .ARM.attributes
                0x0000000000000000       0x1e c:/program files/stm32cubeide_1.10.1/stm32cubeide/plugins/com.st.stm32cube.ide.mcu.externaltools.gnu-tools-for-stm32.10.3-2021.10.win32_1.0.0.202111181127/tools/bin/../lib/gcc/arm-none-eabi/10.3.1/thumb/v7e-m+fp/hard/crti.o
 .ARM.attributes
                0x000000000000001e       0x34 c:/program files/stm32cubeide_1.10.1/stm32cubeide/plugins/com.st.stm32cube.ide.mcu.externaltools.gnu-tools-for-stm32.10.3-2021.10.win32_1.0.0.202111181127/tools/bin/../lib/gcc/arm-none-eabi/10.3.1/thumb/v7e-m+fp/hard/crtbegin.o
 .ARM.attributes
                0x0000000000000052       0x34 ./Core/Src/adc.o
 .ARM.attributes
                0x0000000000000086       0x34 ./Core/Src/dma.o
 .ARM.attributes
                0x00000000000000ba       0x34 ./Core/Src/gpio.o
 .ARM.attributes
                0x00000000000000ee       0x34 ./Core/Src/main.o
 .ARM.attributes
                0x0000000000000122       0x34 ./Core/Src/stm32f3xx_hal_msp.o
 .ARM.attributes
                0x0000000000000156       0x34 ./Core/Src/stm32f3xx_it.o
 .ARM.attributes
                0x000000000000018a       0x34 ./Core/Src/system_stm32f3xx.o
 .ARM.attributes
                0x00000000000001be       0x34 ./Core/Src/tim.o
 .ARM.attributes
                0x00000000000001f2       0x34 ./Core/Src/usart.o
 .ARM.attributes
                0x0000000000000226       0x34 ./Core/Src/lib/sm_bypass.o
 .ARM.attributes
                0x000000000000025a       0x21 ./Core/Startup/startup_stm32f303retx.o
 .ARM.attributes
                0x000000000000027b       0x34 ./Drivers/STM32F3xx_HAL_Driver/Src/stm32f3xx_hal.o
 .ARM.attributes
                0x00000000000002af       0x34 ./Drivers/STM32F3xx_HAL_Driver/Src/stm32f3xx_hal_adc.o
 .ARM.attributes
                0x00000000000002e3       0x34 ./Drivers/STM32F3xx_HAL_Driver/Src/stm32f3xx_hal_adc_ex.o
 .ARM.attributes
                0x0000000000000317       0x34 ./Drivers/STM32F3xx_HAL_Driver/Src/stm32f3xx_hal_cortex.o
 .ARM.attributes
                0x000000000000034b       0x34 ./Drivers/STM32F3xx_HAL_Driver/Src/stm32f3xx_hal_dma.o
 .ARM.attributes
                0x000000000000037f       0x34 ./Drivers/STM32F3xx_HAL_Driver/Src/stm32f3xx_hal_gpio.o
 .ARM.attributes
                0x00000000000003b3       0x34 ./Drivers/STM32F3xx_HAL_Driver/Src/stm32f3xx_hal_rcc.o
 .ARM.attributes
                0x00000000000003e7       0x34 ./Drivers/STM32F3xx_HAL_Driver/Src/stm32f3xx_hal_rcc_ex.o
 .ARM.attributes
                0x000000000000041b       0x34 ./Drivers/STM32F3xx_HAL_Driver/Src/stm32f3xx_hal_tim.o
 .ARM.attributes
                0x000000000000044f       0x34 ./Drivers/STM32F3xx_HAL_Driver/Src/stm32f3xx_hal_tim_ex.o
 .ARM.attributes
                0x0000000000000483       0x34 ./Drivers/STM32F3xx_HAL_Driver/Src/stm32f3xx_hal_uart.o
 .ARM.attributes
                0x00000000000004b7       0x34 c:/program files/stm32cubeide_1.10.1/stm32cubeide/plugins/com.st.stm32cube.ide.mcu.externaltools.gnu-tools-for-stm32.10.3-2021.10.win32_1.0.0.202111181127/tools/bin/../lib/gcc/arm-none-eabi/10.3.1/../../../../arm-none-eabi/lib/thumb/v7e-m+fp/hard\libc_nano.a(lib_a-init.o)
 .ARM.attributes
                0x00000000000004eb       0x34 c:/program files/stm32cubeide_1.10.1/stm32cubeide/plugins/com.st.stm32cube.ide.mcu.externaltools.gnu-tools-for-stm32.10.3-2021.10.win32_1.0.0.202111181127/tools/bin/../lib/gcc/arm-none-eabi/10.3.1/../../../../arm-none-eabi/lib/thumb/v7e-m+fp/hard\libc_nano.a(lib_a-memset.o)
 .ARM.attributes
                0x000000000000051f       0x1e c:/program files/stm32cubeide_1.10.1/stm32cubeide/plugins/com.st.stm32cube.ide.mcu.externaltools.gnu-tools-for-stm32.10.3-2021.10.win32_1.0.0.202111181127/tools/bin/../lib/gcc/arm-none-eabi/10.3.1/thumb/v7e-m+fp/hard/crtn.o
OUTPUT(tremolo_test.elf elf32-littlearm)
LOAD linker stubs
LOAD c:/program files/stm32cubeide_1.10.1/stm32cubeide/plugins/com.st.stm32cube.ide.mcu.externaltools.gnu-tools-for-stm32.10.3-2021.10.win32_1.0.0.202111181127/tools/bin/../lib/gcc/arm-none-eabi/10.3.1/../../../../arm-none-eabi/lib/thumb/v7e-m+fp/hard\libc.a
LOAD c:/program files/stm32cubeide_1.10.1/stm32cubeide/plugins/com.st.stm32cube.ide.mcu.externaltools.gnu-tools-for-stm32.10.3-2021.10.win32_1.0.0.202111181127/tools/bin/../lib/gcc/arm-none-eabi/10.3.1/../../../../arm-none-eabi/lib/thumb/v7e-m+fp/hard\libm.a
LOAD c:/program files/stm32cubeide_1.10.1/stm32cubeide/plugins/com.st.stm32cube.ide.mcu.externaltools.gnu-tools-for-stm32.10.3-2021.10.win32_1.0.0.202111181127/tools/bin/../lib/gcc/arm-none-eabi/10.3.1/thumb/v7e-m+fp/hard\libgcc.a

.debug_info     0x0000000000000000    0x13499
 .debug_info    0x0000000000000000      0xb38 ./Core/Src/adc.o
 .debug_info    0x0000000000000b38      0x3ca ./Core/Src/dma.o
 .debug_info    0x0000000000000f02      0x3a0 ./Core/Src/gpio.o
 .debug_info    0x00000000000012a2     0x1411 ./Core/Src/main.o
 .debug_info    0x00000000000026b3      0x1aa ./Core/Src/stm32f3xx_hal_msp.o
 .debug_info    0x000000000000285d      0x7b5 ./Core/Src/stm32f3xx_it.o
 .debug_info    0x0000000000003012      0x416 ./Core/Src/system_stm32f3xx.o
 .debug_info    0x0000000000003428     0x1248 ./Core/Src/tim.o
 .debug_info    0x0000000000004670      0x962 ./Core/Src/usart.o
 .debug_info    0x0000000000004fd2      0x3bf ./Core/Src/lib/sm_bypass.o
 .debug_info    0x0000000000005391       0x22 ./Core/Startup/startup_stm32f303retx.o
 .debug_info    0x00000000000053b3      0x837 ./Drivers/STM32F3xx_HAL_Driver/Src/stm32f3xx_hal.o
 .debug_info    0x0000000000005bea      0xb9e ./Drivers/STM32F3xx_HAL_Driver/Src/stm32f3xx_hal_adc.o
 .debug_info    0x0000000000006788     0x16b2 ./Drivers/STM32F3xx_HAL_Driver/Src/stm32f3xx_hal_adc_ex.o
 .debug_info    0x0000000000007e3a      0xdb5 ./Drivers/STM32F3xx_HAL_Driver/Src/stm32f3xx_hal_cortex.o
 .debug_info    0x0000000000008bef      0x757 ./Drivers/STM32F3xx_HAL_Driver/Src/stm32f3xx_hal_dma.o
 .debug_info    0x0000000000009346      0x74e ./Drivers/STM32F3xx_HAL_Driver/Src/stm32f3xx_hal_gpio.o
 .debug_info    0x0000000000009a94     0x1597 ./Drivers/STM32F3xx_HAL_Driver/Src/stm32f3xx_hal_rcc.o
 .debug_info    0x000000000000b02b      0x67f ./Drivers/STM32F3xx_HAL_Driver/Src/stm32f3xx_hal_rcc_ex.o
 .debug_info    0x000000000000b6aa     0x2ca3 ./Drivers/STM32F3xx_HAL_Driver/Src/stm32f3xx_hal_tim.o
 .debug_info    0x000000000000e34d     0x1679 ./Drivers/STM32F3xx_HAL_Driver/Src/stm32f3xx_hal_tim_ex.o
 .debug_info    0x000000000000f9c6     0x3ad3 ./Drivers/STM32F3xx_HAL_Driver/Src/stm32f3xx_hal_uart.o

.debug_abbrev   0x0000000000000000     0x29ad
 .debug_abbrev  0x0000000000000000      0x20a ./Core/Src/adc.o
 .debug_abbrev  0x000000000000020a       0xf8 ./Core/Src/dma.o
 .debug_abbrev  0x0000000000000302      0x146 ./Core/Src/gpio.o
 .debug_abbrev  0x0000000000000448      0x2df ./Core/Src/main.o
 .debug_abbrev  0x0000000000000727       0xc2 ./Core/Src/stm32f3xx_hal_msp.o
 .debug_abbrev  0x00000000000007e9      0x184 ./Core/Src/stm32f3xx_it.o
 .debug_abbrev  0x000000000000096d      0x116 ./Core/Src/system_stm32f3xx.o
 .debug_abbrev  0x0000000000000a83      0x258 ./Core/Src/tim.o
 .debug_abbrev  0x0000000000000cdb      0x1e0 ./Core/Src/usart.o
 .debug_abbrev  0x0000000000000ebb      0x14c ./Core/Src/lib/sm_bypass.o
 .debug_abbrev  0x0000000000001007       0x12 ./Core/Startup/startup_stm32f303retx.o
 .debug_abbrev  0x0000000000001019      0x20e ./Drivers/STM32F3xx_HAL_Driver/Src/stm32f3xx_hal.o
 .debug_abbrev  0x0000000000001227      0x17a ./Drivers/STM32F3xx_HAL_Driver/Src/stm32f3xx_hal_adc.o
 .debug_abbrev  0x00000000000013a1      0x27a ./Drivers/STM32F3xx_HAL_Driver/Src/stm32f3xx_hal_adc_ex.o
 .debug_abbrev  0x000000000000161b      0x316 ./Drivers/STM32F3xx_HAL_Driver/Src/stm32f3xx_hal_cortex.o
 .debug_abbrev  0x0000000000001931      0x1fe ./Drivers/STM32F3xx_HAL_Driver/Src/stm32f3xx_hal_dma.o
 .debug_abbrev  0x0000000000001b2f      0x1bb ./Drivers/STM32F3xx_HAL_Driver/Src/stm32f3xx_hal_gpio.o
 .debug_abbrev  0x0000000000001cea      0x30c ./Drivers/STM32F3xx_HAL_Driver/Src/stm32f3xx_hal_rcc.o
 .debug_abbrev  0x0000000000001ff6      0x239 ./Drivers/STM32F3xx_HAL_Driver/Src/stm32f3xx_hal_rcc_ex.o
 .debug_abbrev  0x000000000000222f      0x25d ./Drivers/STM32F3xx_HAL_Driver/Src/stm32f3xx_hal_tim.o
 .debug_abbrev  0x000000000000248c      0x265 ./Drivers/STM32F3xx_HAL_Driver/Src/stm32f3xx_hal_tim_ex.o
 .debug_abbrev  0x00000000000026f1      0x2bc ./Drivers/STM32F3xx_HAL_Driver/Src/stm32f3xx_hal_uart.o

.debug_aranges  0x0000000000000000      0xfd0
 .debug_aranges
                0x0000000000000000       0x30 ./Core/Src/adc.o
 .debug_aranges
                0x0000000000000030       0x20 ./Core/Src/dma.o
 .debug_aranges
                0x0000000000000050       0x20 ./Core/Src/gpio.o
 .debug_aranges
                0x0000000000000070       0x58 ./Core/Src/main.o
 .debug_aranges
                0x00000000000000c8       0x20 ./Core/Src/stm32f3xx_hal_msp.o
 .debug_aranges
                0x00000000000000e8       0x80 ./Core/Src/stm32f3xx_it.o
 .debug_aranges
                0x0000000000000168       0x28 ./Core/Src/system_stm32f3xx.o
 .debug_aranges
                0x0000000000000190       0x70 ./Core/Src/tim.o
 .debug_aranges
                0x0000000000000200       0x30 ./Core/Src/usart.o
 .debug_aranges
                0x0000000000000230       0x30 ./Core/Src/lib/sm_bypass.o
 .debug_aranges
                0x0000000000000260       0x28 ./Core/Startup/startup_stm32f303retx.o
 .debug_aranges
                0x0000000000000288       0xe0 ./Drivers/STM32F3xx_HAL_Driver/Src/stm32f3xx_hal.o
 .debug_aranges
                0x0000000000000368       0xc8 ./Drivers/STM32F3xx_HAL_Driver/Src/stm32f3xx_hal_adc.o
 .debug_aranges
                0x0000000000000430      0x168 ./Drivers/STM32F3xx_HAL_Driver/Src/stm32f3xx_hal_adc_ex.o
 .debug_aranges
                0x0000000000000598      0x118 ./Drivers/STM32F3xx_HAL_Driver/Src/stm32f3xx_hal_cortex.o
 .debug_aranges
                0x00000000000006b0       0x88 ./Drivers/STM32F3xx_HAL_Driver/Src/stm32f3xx_hal_dma.o
 .debug_aranges
                0x0000000000000738       0x58 ./Drivers/STM32F3xx_HAL_Driver/Src/stm32f3xx_hal_gpio.o
 .debug_aranges
                0x0000000000000790       0x88 ./Drivers/STM32F3xx_HAL_Driver/Src/stm32f3xx_hal_rcc.o
 .debug_aranges
                0x0000000000000818       0x38 ./Drivers/STM32F3xx_HAL_Driver/Src/stm32f3xx_hal_rcc_ex.o
 .debug_aranges
                0x0000000000000850      0x3e0 ./Drivers/STM32F3xx_HAL_Driver/Src/stm32f3xx_hal_tim.o
 .debug_aranges
                0x0000000000000c30      0x178 ./Drivers/STM32F3xx_HAL_Driver/Src/stm32f3xx_hal_tim_ex.o
 .debug_aranges
                0x0000000000000da8      0x228 ./Drivers/STM32F3xx_HAL_Driver/Src/stm32f3xx_hal_uart.o

.debug_ranges   0x0000000000000000      0xea8
 .debug_ranges  0x0000000000000000       0x20 ./Core/Src/adc.o
 .debug_ranges  0x0000000000000020       0x10 ./Core/Src/dma.o
 .debug_ranges  0x0000000000000030       0x10 ./Core/Src/gpio.o
 .debug_ranges  0x0000000000000040       0x48 ./Core/Src/main.o
 .debug_ranges  0x0000000000000088       0x10 ./Core/Src/stm32f3xx_hal_msp.o
 .debug_ranges  0x0000000000000098       0x70 ./Core/Src/stm32f3xx_it.o
 .debug_ranges  0x0000000000000108       0x18 ./Core/Src/system_stm32f3xx.o
 .debug_ranges  0x0000000000000120       0x60 ./Core/Src/tim.o
 .debug_ranges  0x0000000000000180       0x20 ./Core/Src/usart.o
 .debug_ranges  0x00000000000001a0       0x20 ./Core/Src/lib/sm_bypass.o
 .debug_ranges  0x00000000000001c0       0x20 ./Core/Startup/startup_stm32f303retx.o
 .debug_ranges  0x00000000000001e0       0xd0 ./Drivers/STM32F3xx_HAL_Driver/Src/stm32f3xx_hal.o
 .debug_ranges  0x00000000000002b0       0xb8 ./Drivers/STM32F3xx_HAL_Driver/Src/stm32f3xx_hal_adc.o
 .debug_ranges  0x0000000000000368      0x158 ./Drivers/STM32F3xx_HAL_Driver/Src/stm32f3xx_hal_adc_ex.o
 .debug_ranges  0x00000000000004c0      0x108 ./Drivers/STM32F3xx_HAL_Driver/Src/stm32f3xx_hal_cortex.o
 .debug_ranges  0x00000000000005c8       0x78 ./Drivers/STM32F3xx_HAL_Driver/Src/stm32f3xx_hal_dma.o
 .debug_ranges  0x0000000000000640       0x48 ./Drivers/STM32F3xx_HAL_Driver/Src/stm32f3xx_hal_gpio.o
 .debug_ranges  0x0000000000000688       0x78 ./Drivers/STM32F3xx_HAL_Driver/Src/stm32f3xx_hal_rcc.o
 .debug_ranges  0x0000000000000700       0x28 ./Drivers/STM32F3xx_HAL_Driver/Src/stm32f3xx_hal_rcc_ex.o
 .debug_ranges  0x0000000000000728      0x3d0 ./Drivers/STM32F3xx_HAL_Driver/Src/stm32f3xx_hal_tim.o
 .debug_ranges  0x0000000000000af8      0x168 ./Drivers/STM32F3xx_HAL_Driver/Src/stm32f3xx_hal_tim_ex.o
 .debug_ranges  0x0000000000000c60      0x248 ./Drivers/STM32F3xx_HAL_Driver/Src/stm32f3xx_hal_uart.o

.debug_macro    0x0000000000000000    0x21e4f
 .debug_macro   0x0000000000000000      0x209 ./Core/Src/adc.o
 .debug_macro   0x0000000000000209      0xa78 ./Core/Src/adc.o
 .debug_macro   0x0000000000000c81      0x15d ./Core/Src/adc.o
 .debug_macro   0x0000000000000dde       0x2e ./Core/Src/adc.o
 .debug_macro   0x0000000000000e0c       0x28 ./Core/Src/adc.o
 .debug_macro   0x0000000000000e34       0x22 ./Core/Src/adc.o
 .debug_macro   0x0000000000000e56       0x8e ./Core/Src/adc.o
 .debug_macro   0x0000000000000ee4       0x51 ./Core/Src/adc.o
 .debug_macro   0x0000000000000f35      0x103 ./Core/Src/adc.o
 .debug_macro   0x0000000000001038       0x6a ./Core/Src/adc.o
 .debug_macro   0x00000000000010a2      0x1df ./Core/Src/adc.o
 .debug_macro   0x0000000000001281       0x1c ./Core/Src/adc.o
 .debug_macro   0x000000000000129d       0x22 ./Core/Src/adc.o
 .debug_macro   0x00000000000012bf       0xd9 ./Core/Src/adc.o
 .debug_macro   0x0000000000001398     0x102d ./Core/Src/adc.o
 .debug_macro   0x00000000000023c5      0x11f ./Core/Src/adc.o
 .debug_macro   0x00000000000024e4    0x1535a ./Core/Src/adc.o
 .debug_macro   0x000000000001783e       0x6d ./Core/Src/adc.o
 .debug_macro   0x00000000000178ab     0x3540 ./Core/Src/adc.o
 .debug_macro   0x000000000001adeb      0x174 ./Core/Src/adc.o
 .debug_macro   0x000000000001af5f       0x55 ./Core/Src/adc.o
 .debug_macro   0x000000000001afb4      0x954 ./Core/Src/adc.o
 .debug_macro   0x000000000001b908      0x84a ./Core/Src/adc.o
 .debug_macro   0x000000000001c152      0x1b6 ./Core/Src/adc.o
 .debug_macro   0x000000000001c308      0x23a ./Core/Src/adc.o
 .debug_macro   0x000000000001c542      0x1ea ./Core/Src/adc.o
 .debug_macro   0x000000000001c72c      0x1bc ./Core/Src/adc.o
 .debug_macro   0x000000000001c8e8       0x30 ./Core/Src/adc.o
 .debug_macro   0x000000000001c918       0x3c ./Core/Src/adc.o
 .debug_macro   0x000000000001c954      0x236 ./Core/Src/adc.o
 .debug_macro   0x000000000001cb8a      0x9fe ./Core/Src/adc.o
 .debug_macro   0x000000000001d588       0x77 ./Core/Src/adc.o
 .debug_macro   0x000000000001d5ff       0xc5 ./Core/Src/adc.o
 .debug_macro   0x000000000001d6c4      0x21d ./Core/Src/adc.o
 .debug_macro   0x000000000001d8e1      0x22c ./Core/Src/adc.o
 .debug_macro   0x000000000001db0d       0x5b ./Core/Src/adc.o
 .debug_macro   0x000000000001db68       0xa5 ./Core/Src/adc.o
 .debug_macro   0x000000000001dc0d       0x81 ./Core/Src/adc.o
 .debug_macro   0x000000000001dc8e       0xd3 ./Core/Src/adc.o
 .debug_macro   0x000000000001dd61      0xa3d ./Core/Src/adc.o
 .debug_macro   0x000000000001e79e       0xbb ./Core/Src/adc.o
 .debug_macro   0x000000000001e859      0x5a5 ./Core/Src/adc.o
 .debug_macro   0x000000000001edfe       0x44 ./Core/Src/adc.o
 .debug_macro   0x000000000001ee42      0x347 ./Core/Src/adc.o
 .debug_macro   0x000000000001f189      0x23d ./Core/Src/adc.o
 .debug_macro   0x000000000001f3c6      0x209 ./Core/Src/dma.o
 .debug_macro   0x000000000001f5cf      0x209 ./Core/Src/gpio.o
 .debug_macro   0x000000000001f7d8      0x23f ./Core/Src/main.o
 .debug_macro   0x000000000001fa17      0x1ff ./Core/Src/stm32f3xx_hal_msp.o
 .debug_macro   0x000000000001fc16      0x209 ./Core/Src/stm32f3xx_it.o
 .debug_macro   0x000000000001fe1f      0x1f0 ./Core/Src/system_stm32f3xx.o
 .debug_macro   0x000000000002000f      0x209 ./Core/Src/tim.o
 .debug_macro   0x0000000000020218      0x209 ./Core/Src/usart.o
 .debug_macro   0x0000000000020421      0x203 ./Core/Src/lib/sm_bypass.o
 .debug_macro   0x0000000000020624      0x243 ./Core/Src/lib/sm_bypass.o
 .debug_macro   0x0000000000020867      0x214 ./Drivers/STM32F3xx_HAL_Driver/Src/stm32f3xx_hal.o
 .debug_macro   0x0000000000020a7b      0x1f1 ./Drivers/STM32F3xx_HAL_Driver/Src/stm32f3xx_hal_adc.o
 .debug_macro   0x0000000000020c6c      0x21a ./Drivers/STM32F3xx_HAL_Driver/Src/stm32f3xx_hal_adc_ex.o
 .debug_macro   0x0000000000020e86      0x1f0 ./Drivers/STM32F3xx_HAL_Driver/Src/stm32f3xx_hal_cortex.o
 .debug_macro   0x0000000000021076      0x1f0 ./Drivers/STM32F3xx_HAL_Driver/Src/stm32f3xx_hal_dma.o
 .debug_macro   0x0000000000021266      0x1f7 ./Drivers/STM32F3xx_HAL_Driver/Src/stm32f3xx_hal_gpio.o
 .debug_macro   0x000000000002145d      0x214 ./Drivers/STM32F3xx_HAL_Driver/Src/stm32f3xx_hal_rcc.o
 .debug_macro   0x0000000000021671      0x1f0 ./Drivers/STM32F3xx_HAL_Driver/Src/stm32f3xx_hal_rcc_ex.o
 .debug_macro   0x0000000000021861      0x1f1 ./Drivers/STM32F3xx_HAL_Driver/Src/stm32f3xx_hal_tim.o
 .debug_macro   0x0000000000021a52      0x1f0 ./Drivers/STM32F3xx_HAL_Driver/Src/stm32f3xx_hal_tim_ex.o
 .debug_macro   0x0000000000021c42      0x20d ./Drivers/STM32F3xx_HAL_Driver/Src/stm32f3xx_hal_uart.o

.debug_line     0x0000000000000000    0x16163
 .debug_line    0x0000000000000000      0x896 ./Core/Src/adc.o
 .debug_line    0x0000000000000896      0x743 ./Core/Src/dma.o
 .debug_line    0x0000000000000fd9      0x7a7 ./Core/Src/gpio.o
 .debug_line    0x0000000000001780      0x94e ./Core/Src/main.o
 .debug_line    0x00000000000020ce      0x743 ./Core/Src/stm32f3xx_hal_msp.o
 .debug_line    0x0000000000002811      0x867 ./Core/Src/stm32f3xx_it.o
 .debug_line    0x0000000000003078      0x7bf ./Core/Src/system_stm32f3xx.o
 .debug_line    0x0000000000003837      0xab4 ./Core/Src/tim.o
 .debug_line    0x00000000000042eb      0x7b3 ./Core/Src/usart.o
 .debug_line    0x0000000000004a9e      0x892 ./Core/Src/lib/sm_bypass.o
 .debug_line    0x0000000000005330       0x88 ./Core/Startup/startup_stm32f303retx.o
 .debug_line    0x00000000000053b8      0x9ef ./Drivers/STM32F3xx_HAL_Driver/Src/stm32f3xx_hal.o
 .debug_line    0x0000000000005da7      0x933 ./Drivers/STM32F3xx_HAL_Driver/Src/stm32f3xx_hal_adc.o
 .debug_line    0x00000000000066da     0x27c9 ./Drivers/STM32F3xx_HAL_Driver/Src/stm32f3xx_hal_adc_ex.o
 .debug_line    0x0000000000008ea3      0xcb4 ./Drivers/STM32F3xx_HAL_Driver/Src/stm32f3xx_hal_cortex.o
 .debug_line    0x0000000000009b57      0xd01 ./Drivers/STM32F3xx_HAL_Driver/Src/stm32f3xx_hal_dma.o
 .debug_line    0x000000000000a858      0xb78 ./Drivers/STM32F3xx_HAL_Driver/Src/stm32f3xx_hal_gpio.o
 .debug_line    0x000000000000b3d0     0x13e4 ./Drivers/STM32F3xx_HAL_Driver/Src/stm32f3xx_hal_rcc.o
 .debug_line    0x000000000000c7b4      0xf0b ./Drivers/STM32F3xx_HAL_Driver/Src/stm32f3xx_hal_rcc_ex.o
 .debug_line    0x000000000000d6bf     0x3e0f ./Drivers/STM32F3xx_HAL_Driver/Src/stm32f3xx_hal_tim.o
 .debug_line    0x00000000000114ce     0x1b14 ./Drivers/STM32F3xx_HAL_Driver/Src/stm32f3xx_hal_tim_ex.o
 .debug_line    0x0000000000012fe2     0x3181 ./Drivers/STM32F3xx_HAL_Driver/Src/stm32f3xx_hal_uart.o

.debug_str      0x0000000000000000    0xd007f
 .debug_str     0x0000000000000000    0xcba27 ./Core/Src/adc.o
                                      0xcc189 (size before relaxing)
 .debug_str     0x00000000000cba27      0x3c2 ./Core/Src/dma.o
                                      0xcc00f (size before relaxing)
 .debug_str     0x00000000000cbde9       0x4c ./Core/Src/gpio.o
                                      0xcbc0e (size before relaxing)
 .debug_str     0x00000000000cbe35      0x9f7 ./Core/Src/main.o
                                      0xcca95 (size before relaxing)
 .debug_str     0x00000000000cc82c       0x2c ./Core/Src/stm32f3xx_hal_msp.o
                                      0xcbb43 (size before relaxing)
 .debug_str     0x00000000000cc858      0x15e ./Core/Src/stm32f3xx_it.o
                                      0xcc148 (size before relaxing)
 .debug_str     0x00000000000cc9b6       0xe9 ./Core/Src/system_stm32f3xx.o
                                      0xcb2a6 (size before relaxing)
 .debug_str     0x00000000000cca9f      0x3c6 ./Core/Src/tim.o
                                      0xcca6d (size before relaxing)
 .debug_str     0x00000000000cce65      0x241 ./Core/Src/usart.o
                                      0xcc06e (size before relaxing)
 .debug_str     0x00000000000cd0a6       0x8a ./Core/Src/lib/sm_bypass.o
                                      0xcbd46 (size before relaxing)
 .debug_str     0x00000000000cd130       0x75 ./Core/Startup/startup_stm32f303retx.o
 .debug_str     0x00000000000cd1a5      0x395 ./Drivers/STM32F3xx_HAL_Driver/Src/stm32f3xx_hal.o
                                      0xcbb4f (size before relaxing)
 .debug_str     0x00000000000cd53a      0x1dc ./Drivers/STM32F3xx_HAL_Driver/Src/stm32f3xx_hal_adc.o
                                      0xcb893 (size before relaxing)
 .debug_str     0x00000000000cd716      0x6a7 ./Drivers/STM32F3xx_HAL_Driver/Src/stm32f3xx_hal_adc_ex.o
                                      0xcbf9c (size before relaxing)
 .debug_str     0x00000000000cddbd      0x320 ./Drivers/STM32F3xx_HAL_Driver/Src/stm32f3xx_hal_cortex.o
                                      0xcbba1 (size before relaxing)
 .debug_str     0x00000000000ce0dd      0x1d8 ./Drivers/STM32F3xx_HAL_Driver/Src/stm32f3xx_hal_dma.o
                                      0xcb5ee (size before relaxing)
 .debug_str     0x00000000000ce2b5      0x139 ./Drivers/STM32F3xx_HAL_Driver/Src/stm32f3xx_hal_gpio.o
                                      0xcb48b (size before relaxing)
 .debug_str     0x00000000000ce3ee      0x2dd ./Drivers/STM32F3xx_HAL_Driver/Src/stm32f3xx_hal_rcc.o
                                      0xcb74a (size before relaxing)
 .debug_str     0x00000000000ce6cb       0xbe ./Drivers/STM32F3xx_HAL_Driver/Src/stm32f3xx_hal_rcc_ex.o
                                      0xcb594 (size before relaxing)
 .debug_str     0x00000000000ce789      0xc7f ./Drivers/STM32F3xx_HAL_Driver/Src/stm32f3xx_hal_tim.o
                                      0xcc6cd (size before relaxing)
 .debug_str     0x00000000000cf408      0x402 ./Drivers/STM32F3xx_HAL_Driver/Src/stm32f3xx_hal_tim_ex.o
                                      0xcbf23 (size before relaxing)
 .debug_str     0x00000000000cf80a      0x875 ./Drivers/STM32F3xx_HAL_Driver/Src/stm32f3xx_hal_uart.o
                                      0xcbfa1 (size before relaxing)

.comment        0x0000000000000000       0x50
 .comment       0x0000000000000000       0x50 ./Core/Src/adc.o
                                         0x51 (size before relaxing)
 .comment       0x0000000000000050       0x51 ./Core/Src/dma.o
 .comment       0x0000000000000050       0x51 ./Core/Src/gpio.o
 .comment       0x0000000000000050       0x51 ./Core/Src/main.o
 .comment       0x0000000000000050       0x51 ./Core/Src/stm32f3xx_hal_msp.o
 .comment       0x0000000000000050       0x51 ./Core/Src/stm32f3xx_it.o
 .comment       0x0000000000000050       0x51 ./Core/Src/system_stm32f3xx.o
 .comment       0x0000000000000050       0x51 ./Core/Src/tim.o
 .comment       0x0000000000000050       0x51 ./Core/Src/usart.o
 .comment       0x0000000000000050       0x51 ./Core/Src/lib/sm_bypass.o
 .comment       0x0000000000000050       0x51 ./Drivers/STM32F3xx_HAL_Driver/Src/stm32f3xx_hal.o
 .comment       0x0000000000000050       0x51 ./Drivers/STM32F3xx_HAL_Driver/Src/stm32f3xx_hal_adc.o
 .comment       0x0000000000000050       0x51 ./Drivers/STM32F3xx_HAL_Driver/Src/stm32f3xx_hal_adc_ex.o
 .comment       0x0000000000000050       0x51 ./Drivers/STM32F3xx_HAL_Driver/Src/stm32f3xx_hal_cortex.o
 .comment       0x0000000000000050       0x51 ./Drivers/STM32F3xx_HAL_Driver/Src/stm32f3xx_hal_dma.o
 .comment       0x0000000000000050       0x51 ./Drivers/STM32F3xx_HAL_Driver/Src/stm32f3xx_hal_gpio.o
 .comment       0x0000000000000050       0x51 ./Drivers/STM32F3xx_HAL_Driver/Src/stm32f3xx_hal_rcc.o
 .comment       0x0000000000000050       0x51 ./Drivers/STM32F3xx_HAL_Driver/Src/stm32f3xx_hal_rcc_ex.o
 .comment       0x0000000000000050       0x51 ./Drivers/STM32F3xx_HAL_Driver/Src/stm32f3xx_hal_tim.o
 .comment       0x0000000000000050       0x51 ./Drivers/STM32F3xx_HAL_Driver/Src/stm32f3xx_hal_tim_ex.o
 .comment       0x0000000000000050       0x51 ./Drivers/STM32F3xx_HAL_Driver/Src/stm32f3xx_hal_uart.o

.debug_frame    0x0000000000000000     0x4150
 .debug_frame   0x0000000000000000       0x7c ./Core/Src/adc.o
 .debug_frame   0x000000000000007c       0x34 ./Core/Src/dma.o
 .debug_frame   0x00000000000000b0       0x34 ./Core/Src/gpio.o
 .debug_frame   0x00000000000000e4      0x130 ./Core/Src/main.o
 .debug_frame   0x0000000000000214       0x38 ./Core/Src/stm32f3xx_hal_msp.o
 .debug_frame   0x000000000000024c      0x174 ./Core/Src/stm32f3xx_it.o
 .debug_frame   0x00000000000003c0       0x58 ./Core/Src/system_stm32f3xx.o
 .debug_frame   0x0000000000000418      0x1a4 ./Core/Src/tim.o
 .debug_frame   0x00000000000005bc       0x74 ./Core/Src/usart.o
 .debug_frame   0x0000000000000630       0x80 ./Core/Src/lib/sm_bypass.o
 .debug_frame   0x00000000000006b0      0x334 ./Drivers/STM32F3xx_HAL_Driver/Src/stm32f3xx_hal.o
 .debug_frame   0x00000000000009e4      0x380 ./Drivers/STM32F3xx_HAL_Driver/Src/stm32f3xx_hal_adc.o
 .debug_frame   0x0000000000000d64      0x644 ./Drivers/STM32F3xx_HAL_Driver/Src/stm32f3xx_hal_adc_ex.o
 .debug_frame   0x00000000000013a8      0x498 ./Drivers/STM32F3xx_HAL_Driver/Src/stm32f3xx_hal_cortex.o
 .debug_frame   0x0000000000001840      0x224 ./Drivers/STM32F3xx_HAL_Driver/Src/stm32f3xx_hal_dma.o
 .debug_frame   0x0000000000001a64      0x14c ./Drivers/STM32F3xx_HAL_Driver/Src/stm32f3xx_hal_gpio.o
 .debug_frame   0x0000000000001bb0      0x214 ./Drivers/STM32F3xx_HAL_Driver/Src/stm32f3xx_hal_rcc.o
 .debug_frame   0x0000000000001dc4       0xb4 ./Drivers/STM32F3xx_HAL_Driver/Src/stm32f3xx_hal_rcc_ex.o
 .debug_frame   0x0000000000001e78     0x121c ./Drivers/STM32F3xx_HAL_Driver/Src/stm32f3xx_hal_tim.o
 .debug_frame   0x0000000000003094      0x688 ./Drivers/STM32F3xx_HAL_Driver/Src/stm32f3xx_hal_tim_ex.o
 .debug_frame   0x000000000000371c      0x9e8 ./Drivers/STM32F3xx_HAL_Driver/Src/stm32f3xx_hal_uart.o
 .debug_frame   0x0000000000004104       0x2c c:/program files/stm32cubeide_1.10.1/stm32cubeide/plugins/com.st.stm32cube.ide.mcu.externaltools.gnu-tools-for-stm32.10.3-2021.10.win32_1.0.0.202111181127/tools/bin/../lib/gcc/arm-none-eabi/10.3.1/../../../../arm-none-eabi/lib/thumb/v7e-m+fp/hard\libc_nano.a(lib_a-init.o)
 .debug_frame   0x0000000000004130       0x20 c:/program files/stm32cubeide_1.10.1/stm32cubeide/plugins/com.st.stm32cube.ide.mcu.externaltools.gnu-tools-for-stm32.10.3-2021.10.win32_1.0.0.202111181127/tools/bin/../lib/gcc/arm-none-eabi/10.3.1/../../../../arm-none-eabi/lib/thumb/v7e-m+fp/hard\libc_nano.a(lib_a-memset.o)
