main.c:102:5:main	24	static
main.c:236:6:SystemClock_Config	96	static
main.c:280:13:MX_ADC_Init	24	static
main.c:402:13:MX_SPI1_Init	8	static
main.c:442:13:MX_SPI2_Init	8	static
main.c:482:13:MX_TIM1_Init	32	static
main.c:528:13:MX_TIM3_Init	64	static
main.c:605:13:MX_TIM16_Init	72	static
main.c:666:13:MX_USART1_UART_Init	8	static
main.c:699:13:MX_DMA_Init	16	static
main.c:720:13:MX_GPIO_Init	48	static
main.c:793:6:TriangleWave_Generate	80	static
main.c:856:6:update_display	8	static
main.c:873:6:Error_Handler	8	static
