../Core/Src/main.c:96:5:main	64	static
../Core/Src/main.c:231:6:SystemClock_Config	160	static
../Core/Src/main.c:282:6:init_adc_channels	16	static
../Core/Src/main.c:294:6:set_lfo_polarity	4	static
../Core/Src/main.c:298:6:set_volume	24	static
../Core/Src/main.c:307:6:set_rate	32	static
../Core/Src/main.c:315:6:led_toggle_tick	32	static
../Core/Src/main.c:326:6:generate_triangle_wave_fixedpoint	48	static
../Core/Src/main.c:362:6:generate_triangle_wave_floatingpoint	56	static
../Core/Src/main.c:390:6:check_HAL_states	16	static
../Core/Src/main.c:404:6:HAL_TIM_IC_CaptureCallback	16	static
../Core/Src/main.c:409:6:HAL_ADC_ConvCpltCallback	16	static
../Core/Src/main.c:419:6:Error_Handler	8	static,ignoring_inline_asm
