../Core/Src/main.c:120:5:main	64	static
../Core/Src/main.c:287:6:SystemClock_Config	160	static
../Core/Src/main.c:338:6:init_adc_channels	16	static
../Core/Src/main.c:351:6:init_LEDs	16	static
../Core/Src/main.c:372:6:set_phase	24	static
../Core/Src/main.c:384:6:sm_phase	24	static
../Core/Src/main.c:472:6:set_volume	24	static
../Core/Src/main.c:481:6:set_rate	32	static
../Core/Src/main.c:488:6:generate_triangle_wave_floatingpoint	56	static
../Core/Src/main.c:522:6:HAL_TIM_IC_CaptureCallback	16	static
../Core/Src/main.c:527:6:HAL_ADC_ConvCpltCallback	16	static
../Core/Src/main.c:532:6:My_DMA_XferHalfCpltCallback	16	static
../Core/Src/main.c:539:6:My_DMA_XferCpltCallback	16	static
../Core/Src/main.c:552:6:Error_Handler	8	static,ignoring_inline_asm
