../Core/Src/stm32f3xx_it.c:75:6:NMI_Handler	4	static
../Core/Src/stm32f3xx_it.c:90:6:HardFault_Handler	8	static
../Core/Src/stm32f3xx_it.c:107:6:MemManage_Handler	4	static
../Core/Src/stm32f3xx_it.c:122:6:BusFault_Handler	4	static
../Core/Src/stm32f3xx_it.c:137:6:UsageFault_Handler	4	static
../Core/Src/stm32f3xx_it.c:152:6:SVC_Handler	4	static
../Core/Src/stm32f3xx_it.c:165:6:DebugMon_Handler	4	static
../Core/Src/stm32f3xx_it.c:178:6:PendSV_Handler	4	static
../Core/Src/stm32f3xx_it.c:191:6:SysTick_Handler	8	static
../Core/Src/stm32f3xx_it.c:212:6:DMA1_Channel1_IRQHandler	8	static
../Core/Src/stm32f3xx_it.c:226:6:DMA1_Channel4_IRQHandler	8	static
../Core/Src/stm32f3xx_it.c:240:6:TIM4_IRQHandler	8	static
../Core/Src/stm32f3xx_it.c:254:6:DMA2_Channel1_IRQHandler	8	static
../Core/Src/stm32f3xx_it.c:268:6:DMA2_Channel2_IRQHandler	8	static
../Core/Src/stm32f3xx_it.c:282:6:DMA2_Channel3_IRQHandler	8	static
../Core/Src/stm32f3xx_it.c:296:6:DMA2_Channel5_IRQHandler	8	static
