../Core/Src/stm32f3xx_it.c:75:6:NMI_Handler	4	static
../Core/Src/stm32f3xx_it.c:90:6:HardFault_Handler	8	static
../Core/Src/stm32f3xx_it.c:112:6:MemManage_Handler	4	static
../Core/Src/stm32f3xx_it.c:127:6:BusFault_Handler	4	static
../Core/Src/stm32f3xx_it.c:142:6:UsageFault_Handler	4	static
../Core/Src/stm32f3xx_it.c:157:6:SVC_Handler	4	static
../Core/Src/stm32f3xx_it.c:170:6:DebugMon_Handler	4	static
../Core/Src/stm32f3xx_it.c:183:6:PendSV_Handler	4	static
../Core/Src/stm32f3xx_it.c:196:6:SysTick_Handler	8	static
../Core/Src/stm32f3xx_it.c:217:6:DMA1_Channel1_IRQHandler	8	static
../Core/Src/stm32f3xx_it.c:231:6:DMA1_Channel4_IRQHandler	8	static
../Core/Src/stm32f3xx_it.c:245:6:TIM4_IRQHandler	8	static
../Core/Src/stm32f3xx_it.c:261:6:DMA2_Channel1_IRQHandler	8	static
../Core/Src/stm32f3xx_it.c:275:6:DMA2_Channel2_IRQHandler	8	static
../Core/Src/stm32f3xx_it.c:289:6:DMA2_Channel3_IRQHandler	8	static
../Core/Src/stm32f3xx_it.c:303:6:DMA2_Channel5_IRQHandler	8	static
